Archive member included to satisfy reference by file (symbol)

C:/Program Files/SEGGER/SEGGER Embedded Studio 3.29/lib/libc_v7em_t_le_eabi.a(libc_asm.o)
                              Output/secure_dfu_serial_s132_pca10040 Release/Obj/pb_decode.o (__aeabi_llsl)
C:/Program Files/SEGGER/SEGGER Embedded Studio 3.29/lib/libc_v7em_t_le_eabi.a(libc2.o)
                              Output/secure_dfu_serial_s132_pca10040 Release/Obj/dfu_req_handling.o (memcmp)
C:/Program Files/SEGGER/SEGGER Embedded Studio 3.29/lib/libc_v7em_t_le_eabi.a(libc2_asm.o)
                              Output/secure_dfu_serial_s132_pca10040 Release/Obj/app_scheduler.o (memcpy)
C:/Program Files/SEGGER/SEGGER Embedded Studio 3.29/lib/libdebugio_v7em_t_le_eabi.a(libdebugio.o)
                              Output/secure_dfu_serial_s132_pca10040 Release/Obj/thumb_crt0.o (debug_fopen)
../../../../../../external/micro-ecc/nrf52nf_armgcc/armgcc/micro_ecc_lib_nrf52.a(uECC.c.o)
                              Output/secure_dfu_serial_s132_pca10040 Release/Obj/micro_ecc_lib_shared.o (uECC_secp160r1)
C:/Program Files/SEGGER/SEGGER Embedded Studio 3.29/lib/libdebugio_mempoll_v7em_t_le_eabi.a(mempoll_debug_operations.o)
                              C:/Program Files/SEGGER/SEGGER Embedded Studio 3.29/lib/libdebugio_v7em_t_le_eabi.a(libdebugio.o) (__do_debug_operation)
C:/Program Files/SEGGER/SEGGER Embedded Studio 3.29/lib/libdebugio_mempoll_v7em_t_le_eabi.a(do_nv_debug_operation.o)
                              C:/Program Files/SEGGER/SEGGER Embedded Studio 3.29/lib/libdebugio_v7em_t_le_eabi.a(libdebugio.o) (__do_nvdebug_operation)
C:/Program Files/SEGGER/SEGGER Embedded Studio 3.29/lib/libm_v7em_t_le_eabi.a(libm_asm.o)
                              C:/Program Files/SEGGER/SEGGER Embedded Studio 3.29/lib/libc_v7em_t_le_eabi.a(libc2.o) (__aeabi_i2f)
C:/Program Files/SEGGER/SEGGER Embedded Studio 3.29/lib/libm_v7em_t_le_eabi.a(libm2.o)
                              C:/Program Files/SEGGER/SEGGER Embedded Studio 3.29/lib/libvfprintf_v7em_t_le_eabi.o (frexp)
C:/Program Files/SEGGER/SEGGER Embedded Studio 3.29/lib/libm_v7em_t_le_eabi.a(libm2_asm.o)
                              C:/Program Files/SEGGER/SEGGER Embedded Studio 3.29/lib/libm_v7em_t_le_eabi.a(libm2.o) (fabs)

Discarded input sections

 .text          0x0000000000000000        0x0 Output/secure_dfu_serial_s132_pca10040 Release/Obj/thumb_crt0.o
 .data          0x0000000000000000        0x0 Output/secure_dfu_serial_s132_pca10040 Release/Obj/thumb_crt0.o
 .bss           0x0000000000000000        0x0 Output/secure_dfu_serial_s132_pca10040 Release/Obj/thumb_crt0.o
 .text.__aeabi_read_tp
                0x0000000000000000        0x8 Output/secure_dfu_serial_s132_pca10040 Release/Obj/thumb_crt0.o
 .text.__heap_lock
                0x0000000000000000        0x2 Output/secure_dfu_serial_s132_pca10040 Release/Obj/thumb_crt0.o
 .text.__heap_unlock
                0x0000000000000000        0x2 Output/secure_dfu_serial_s132_pca10040 Release/Obj/thumb_crt0.o
 .text.__printf_lock
                0x0000000000000000        0x2 Output/secure_dfu_serial_s132_pca10040 Release/Obj/thumb_crt0.o
 .text.__printf_unlock
                0x0000000000000000        0x2 Output/secure_dfu_serial_s132_pca10040 Release/Obj/thumb_crt0.o
 .text.__scanf_lock
                0x0000000000000000        0x2 Output/secure_dfu_serial_s132_pca10040 Release/Obj/thumb_crt0.o
 .text.__scanf_unlock
                0x0000000000000000        0x2 Output/secure_dfu_serial_s132_pca10040 Release/Obj/thumb_crt0.o
 .text.__debug_io_lock
                0x0000000000000000        0x2 Output/secure_dfu_serial_s132_pca10040 Release/Obj/thumb_crt0.o
 .text.__debug_io_unlock
                0x0000000000000000        0x2 Output/secure_dfu_serial_s132_pca10040 Release/Obj/thumb_crt0.o
 .text.abort    0x0000000000000000        0x2 Output/secure_dfu_serial_s132_pca10040 Release/Obj/thumb_crt0.o
 .text.__assert
                0x0000000000000000        0x2 Output/secure_dfu_serial_s132_pca10040 Release/Obj/thumb_crt0.o
 .text.__aeabi_assert
                0x0000000000000000        0x2 Output/secure_dfu_serial_s132_pca10040 Release/Obj/thumb_crt0.o
 .text.__cxa_pure_virtual
                0x0000000000000000        0x2 Output/secure_dfu_serial_s132_pca10040 Release/Obj/thumb_crt0.o
 .text.__cxa_guard_acquire
                0x0000000000000000       0x10 Output/secure_dfu_serial_s132_pca10040 Release/Obj/thumb_crt0.o
 .text.__cxa_guard_release
                0x0000000000000000        0x6 Output/secure_dfu_serial_s132_pca10040 Release/Obj/thumb_crt0.o
 .text.__cxa_guard_abort
                0x0000000000000000        0x2 Output/secure_dfu_serial_s132_pca10040 Release/Obj/thumb_crt0.o
 .text.__sync_synchronize
                0x0000000000000000        0x2 Output/secure_dfu_serial_s132_pca10040 Release/Obj/thumb_crt0.o
 .text.__getchar
                0x0000000000000000        0x4 Output/secure_dfu_serial_s132_pca10040 Release/Obj/thumb_crt0.o
 .text.__putchar
[...]
Memory Configuration

Name             Origin             Length             Attributes
UNPLACED_SECTIONS 0x0000000100000000 0x0000000000000000 xw
uicr_bootloader_start_address 0x0000000010001014 0x0000000000000004 xw
uicr_mbr_params_page 0x0000000010001018 0x0000000000000004 xw
bootloader_settings_page 0x000000000002f000 0x0000000000001000 xw
mbr_params_page  0x000000000002e000 0x0000000000001000 xw
RAM              0x0000000020000000 0x0000000000006000 xw
FLASH            0x0000000000000000 0x0000000000030000 xw
*default*        0x0000000000000000 0xffffffffffffffff

Linker script and memory map

                0x0000000000000000                __vfprintf = __vfprintf_long
                0x0000000000000000                __vfscanf = __vfscanf_int
                0x0000000010001014                __uicr_bootloader_start_address_segment_start__ = 0x10001014
                0x0000000010001018                __uicr_bootloader_start_address_segment_end__ = 0x10001018
                0x0000000000000004                __uicr_bootloader_start_address_segment_size__ = 0x4
                0x0000000010001018                __uicr_mbr_params_page_segment_start__ = 0x10001018
                0x000000001000101c                __uicr_mbr_params_page_segment_end__ = 0x1000101c
                0x0000000000000004                __uicr_mbr_params_page_segment_size__ = 0x4
                0x000000000002f000                __bootloader_settings_page_segment_start__ = 0x2f000
                0x0000000000030000                __bootloader_settings_page_segment_end__ = 0x30000
                0x0000000000001000                __bootloader_settings_page_segment_size__ = 0x1000
                0x000000000002e000                __mbr_params_page_segment_start__ = 0x2e000
                0x000000000002f000                __mbr_params_page_segment_end__ = 0x2f000
                0x0000000000001000                __mbr_params_page_segment_size__ = 0x1000
                0x0000000020000000                __RAM_segment_start__ = 0x20000000
                0x0000000020006000                __RAM_segment_end__ = 0x20006000
                0x0000000000006000                __RAM_segment_size__ = 0x6000
                0x0000000000000000                __FLASH_segment_start__ = 0x0
                0x0000000000030000                __FLASH_segment_end__ = 0x30000
                0x0000000000030000                __FLASH_segment_size__ = 0x30000
                0x0000000000000200                __HEAPSIZE__ = 0x200
                0x0000000000000000                __STACKSIZE_ABT__ = 0x0
                0x0000000000000000                __STACKSIZE_FIQ__ = 0x0
                0x0000000000000000                __STACKSIZE_IRQ__ = 0x0
                0x0000000000000000                __STACKSIZE_PROCESS__ = 0x0
                0x0000000000000000                __STACKSIZE_SVC__ = 0x0
                0x0000000000000000                __STACKSIZE_UND__ = 0x0
                0x0000000000000800                __STACKSIZE__ = 0x800
                0x0000000010001014                __uicr_bootloader_start_address_load_start__ = 0x10001014

.uicr_bootloader_start_address
                0x0000000010001014        0x4
                0x0000000010001014                __uicr_bootloader_start_address_start__ = .
                0x0000000010001014                __start_uicr_bootloader_start_address = __uicr_bootloader_start_address_start__
 *(.uicr_bootloader_start_address .uicr_bootloader_start_address.*)
 .uicr_bootloader_start_address
                0x0000000010001014        0x4 Output/secure_dfu_serial_s132_pca10040 Release/Obj/nrf_bootloader_info.o
                0x0000000010001014                m_uicr_bootloader_start_address
                0x0000000010001018                . = ALIGN (MAX ((__uicr_bootloader_start_address_start__ + 0x4), .), 0x4)
                0x0000000010001018                __uicr_bootloader_start_address_end__ = (__uicr_bootloader_start_address_start__ + SIZEOF (.uicr_bootloader_start_address))
                0x0000000000000004                __uicr_bootloader_start_address_size__ = SIZEOF (.uicr_bootloader_start_address)
                0x0000000010001018                __stop_uicr_bootloader_start_address = __uicr_bootloader_start_address_end__
                0x0000000010001018                __uicr_bootloader_start_address_load_end__ = __uicr_bootloader_start_address_end__
                0x0000000010001018                __uicr_bootloader_start_address_segment_used_end__ = (0x10001014 + SIZEOF (.uicr_bootloader_start_address))
                0x0000000000000004                __uicr_bootloader_start_address_segment_used_size__ = (__uicr_bootloader_start_address_segment_used_end__ - __uicr_bootloader_start_address_segment_start__)
                0x0000000000000001                . = ASSERT (((__uicr_bootloader_start_address_start__ == __uicr_bootloader_start_address_end__) || ((__uicr_bootloader_start_address_end__ >= __uicr_bootloader_start_address_segment_start__) && (__uicr_bootloader_start_address_end__ <= __uicr_bootloader_start_address_segment_end__))), error: .uicr_bootloader_start_address is too large to fit in uicr_bootloader_start_address memory segment)
                0x0000000010001018                __uicr_mbr_params_page_load_start__ = 0x10001018

.uicr_mbr_params_page
                0x0000000010001018        0x4
                0x0000000010001018                __uicr_mbr_params_page_start__ = .
                0x0000000010001018                __start_uicr_mbr_params_page = __uicr_mbr_params_page_start__
 *(.uicr_mbr_params_page .uicr_mbr_params_page.*)
 .uicr_mbr_params_page
                0x0000000010001018        0x4 Output/secure_dfu_serial_s132_pca10040 Release/Obj/nrf_dfu_settings.o
                0x0000000010001018                m_uicr_mbr_params_page_address
                0x000000001000101c                . = ALIGN (MAX ((__uicr_mbr_params_page_start__ + 0x4), .), 0x4)
                0x000000001000101c                __uicr_mbr_params_page_end__ = (__uicr_mbr_params_page_start__ + SIZEOF (.uicr_mbr_params_page))
                0x0000000000000004                __uicr_mbr_params_page_size__ = SIZEOF (.uicr_mbr_params_page)
                0x000000001000101c                __stop_uicr_mbr_params_page = __uicr_mbr_params_page_end__
                0x000000001000101c                __uicr_mbr_params_page_load_end__ = __uicr_mbr_params_page_end__
                0x000000001000101c                __uicr_mbr_params_page_segment_used_end__ = (0x10001018 + SIZEOF (.uicr_mbr_params_page))
                0x0000000000000004                __uicr_mbr_params_page_segment_used_size__ = (__uicr_mbr_params_page_segment_used_end__ - __uicr_mbr_params_page_segment_start__)
                0x0000000000000001                . = ASSERT (((__uicr_mbr_params_page_start__ == __uicr_mbr_params_page_end__) || ((__uicr_mbr_params_page_end__ >= __uicr_mbr_params_page_segment_start__) && (__uicr_mbr_params_page_end__ <= __uicr_mbr_params_page_segment_end__))), error: .uicr_mbr_params_page is too large to fit in uicr_mbr_params_page memory segment)
                0x000000000002f000                __bootloader_settings_page_load_start__ = 0x2f000

.bootloader_settings_page
                0x000000000002f000     0x1000
                0x000000000002f000                __bootloader_settings_page_start__ = .
                0x000000000002f000                __start_bootloader_settings_page = __bootloader_settings_page_start__
 *(.bootloader_settings_page .bootloader_settings_page.*)
 .bootloader_settings_page
                0x000000000002f000     0x1000 Output/secure_dfu_serial_s132_pca10040 Release/Obj/nrf_dfu_settings.o
                0x000000000002f000                m_dfu_settings_buffer
                0x0000000000030000                . = ALIGN (MAX ((__bootloader_settings_page_start__ + 0x1000), .), 0x4)
                0x0000000000030000                __bootloader_settings_page_end__ = (__bootloader_settings_page_start__ + SIZEOF (.bootloader_settings_page))
                0x0000000000001000                __bootloader_settings_page_size__ = SIZEOF (.bootloader_settings_page)
                0x0000000000030000                __stop_bootloader_settings_page = __bootloader_settings_page_end__
                0x0000000000030000                __bootloader_settings_page_load_end__ = __bootloader_settings_page_end__
                0x0000000000030000                __bootloader_settings_page_segment_used_end__ = (0x2f000 + SIZEOF (.bootloader_settings_page))
                0x0000000000001000                __bootloader_settings_page_segment_used_size__ = (__bootloader_settings_page_segment_used_end__ - __bootloader_settings_page_segment_start__)
                0x0000000000000001                . = ASSERT (((__bootloader_settings_page_start__ == __bootloader_settings_page_end__) || ((__bootloader_settings_page_end__ >= __bootloader_settings_page_segment_start__) && (__bootloader_settings_page_end__ <= __bootloader_settings_page_segment_end__))), error: .bootloader_settings_page is too large to fit in bootloader_settings_page memory segment)
                0x000000000002e000                __mbr_params_page_load_start__ = 0x2e000

.mbr_params_page
                0x000000000002e000     0x1000
                0x000000000002e000                __mbr_params_page_start__ = .
                0x000000000002e000                __start_mbr_params_page = __mbr_params_page_start__
 *(.mbr_params_page .mbr_params_page.*)
 .mbr_params_page
                0x000000000002e000     0x1000 Output/secure_dfu_serial_s132_pca10040 Release/Obj/nrf_dfu_settings.o
                0x000000000002e000                m_mbr_params_page
                0x000000000002f000                . = ALIGN (MAX ((__mbr_params_page_start__ + 0x1000), .), 0x4)
                0x000000000002f000                __mbr_params_page_end__ = (__mbr_params_page_start__ + SIZEOF (.mbr_params_page))
                0x0000000000001000                __mbr_params_page_size__ = SIZEOF (.mbr_params_page)
                0x000000000002f000                __stop_mbr_params_page = __mbr_params_page_end__
                0x000000000002f000                __mbr_params_page_load_end__ = __mbr_params_page_end__
                0x000000000002f000                __mbr_params_page_segment_used_end__ = (0x2e000 + SIZEOF (.mbr_params_page))
                0x0000000000001000                __mbr_params_page_segment_used_size__ = (__mbr_params_page_segment_used_end__ - __mbr_params_page_segment_start__)
                0x0000000000000001                . = ASSERT (((__mbr_params_page_start__ == __mbr_params_page_end__) || ((__mbr_params_page_end__ >= __mbr_params_page_segment_start__) && (__mbr_params_page_end__ <= __mbr_params_page_segment_end__))), error: .mbr_params_page is too large to fit in mbr_params_page memory segment)
                0x0000000020000000                __reserved_ram_load_start__ = 0x20000000

.reserved_ram   0x0000000020000000     0x2c00
                0x0000000020000000                __reserved_ram_start__ = .
 *(.reserved_ram .reserved_ram.*)
                0x0000000020002c00                . = MAX (((__reserved_ram_start__ + 0x20002c00) - 0x20000000), .)
 *fill*         0x0000000020000000     0x2c00 
                0x0000000020002c00                __reserved_ram_end__ = (__reserved_ram_start__ + SIZEOF (.reserved_ram))
                0x0000000000002c00                __reserved_ram_size__ = SIZEOF (.reserved_ram)
                0x0000000020002c00                __reserved_ram_load_end__ = __reserved_ram_end__
                0x0000000000000001                . = ASSERT (((__reserved_ram_start__ == __reserved_ram_end__) || ((__reserved_ram_end__ >= __RAM_segment_start__) && (__reserved_ram_end__ <= __RAM_segment_end__))), error: .reserved_ram is too large to fit in RAM memory segment)
                0x0000000020002c00                __vectors_ram_load_start__ = 0x20002c00

.vectors_ram    0x0000000020002c00        0x0
                0x0000000020002c00                __vectors_ram_start__ = .
                0x0000000020002c00                __app_ram_start__ = __vectors_ram_start__
 *(.vectors_ram .vectors_ram.*)
                0x0000000020002c00                __vectors_ram_end__ = (__vectors_ram_start__ + SIZEOF (.vectors_ram))
                0x0000000000000000                __vectors_ram_size__ = SIZEOF (.vectors_ram)
                0x0000000020002c00                __vectors_ram_load_end__ = __vectors_ram_end__
                0x0000000000000001                . = ASSERT (((__vectors_ram_start__ == __vectors_ram_end__) || ((__vectors_ram_end__ >= __RAM_segment_start__) && (__vectors_ram_end__ <= __RAM_segment_end__))), error: .vectors_ram is too large to fit in RAM memory segment)
                0x0000000000000001                . = ASSERT ((__reserved_ram_end__ <= __vectors_ram_start__), error: section .reserved_ram overlaps absolute placed section .vectors_ram)
                0x0000000020002c00                __nrf_sections_run_load_start__ = ALIGN (__vectors_ram_end__, 0x4)

.nrf_sections_run
                0x0000000020002c00        0x0
                0x0000000020002c00                __nrf_sections_run_start__ = .
                0x0000000020002c00                __start_nrf_sections_run = __nrf_sections_run_start__
 *(.nrf_sections_run .nrf_sections_run.*)
                0x0000000020002c00                __nrf_sections_run_end__ = (__nrf_sections_run_start__ + SIZEOF (.nrf_sections_run))
                0x0000000000000000                __nrf_sections_run_size__ = SIZEOF (.nrf_sections_run)
                0x0000000020002c00                __nrf_sections_run_load_end__ = __nrf_sections_run_end__
                0x0000000000000001                . = ASSERT (((__nrf_sections_run_start__ == __nrf_sections_run_end__) || ((__nrf_sections_run_end__ >= __RAM_segment_start__) && (__nrf_sections_run_end__ <= __RAM_segment_end__))), error: .nrf_sections_run is too large to fit in RAM memory segment)
                0x0000000000000000                __reserved_flash_load_start__ = 0x0

.reserved_flash
                0x0000000000000000    0x28000
                0x0000000000000000                __reserved_flash_start__ = .
 *(.reserved_flash .reserved_flash.*)
                0x0000000000028000                . = MAX (((__reserved_flash_start__ + 0x28000) - 0x0), .)
 *fill*         0x0000000000000000    0x28000 
                0x0000000000028000                __reserved_flash_end__ = (__reserved_flash_start__ + SIZEOF (.reserved_flash))
                0x0000000000028000                __reserved_flash_size__ = SIZEOF (.reserved_flash)
                0x0000000000028000                __reserved_flash_load_end__ = __reserved_flash_end__
                0x0000000000000001                . = ASSERT (((__reserved_flash_start__ == __reserved_flash_end__) || ((__reserved_flash_end__ >= __FLASH_segment_start__) && (__reserved_flash_end__ <= __FLASH_segment_end__))), error: .reserved_flash is too large to fit in FLASH memory segment)
                0x0000000000028000                __vectors_load_start__ = 0x28000

.vectors        0x0000000000028000       0xb8
                0x0000000000028000                __vectors_start__ = .
 *(.vectors .vectors.*)
 .vectors       0x0000000000028000       0xb8 Output/secure_dfu_serial_s132_pca10040 Release/Obj/ses_nrf52810_Vectors.o
                0x0000000000028000                _vectors
                0x00000000000280b8                __vectors_end__ = (__vectors_start__ + SIZEOF (.vectors))
                0x00000000000000b8                __vectors_size__ = SIZEOF (.vectors)
                0x00000000000280b8                __vectors_load_end__ = __vectors_end__
                0x0000000000000001                . = ASSERT (((__vectors_start__ == __vectors_end__) || ((__vectors_end__ >= __FLASH_segment_start__) && (__vectors_end__ <= __FLASH_segment_end__))), error: .vectors is too large to fit in FLASH memory segment)
                0x0000000000000001                . = ASSERT ((__reserved_flash_end__ <= __vectors_start__), error: section .reserved_flash overlaps absolute placed section .vectors)
                0x00000000000280b8                __init_load_start__ = ALIGN (__vectors_end__, 0x4)

.init           0x00000000000280b8      0x1f0
                0x00000000000280b8                __init_start__ = .
 *(.init .init.*)
 .init          0x00000000000280b8      0x160 Output/secure_dfu_serial_s132_pca10040 Release/Obj/thumb_crt0.o
                0x00000000000280b8                _start
                0x000000000002816e                exit
 .init          0x0000000000028218       0x44 Output/secure_dfu_serial_s132_pca10040 Release/Obj/ses_nRF_Startup.o
                0x0000000000028218                Reset_Handler
                0x000000000002822a                InitializeUserMemorySections
 .init          0x000000000002825c       0x4c Output/secure_dfu_serial_s132_pca10040 Release/Obj/ses_nrf52810_Vectors.o
                0x000000000002825c                NMI_Handler
                0x000000000002825e                HardFault_Handler
                0x0000000000028260                MemoryManagement_Handler
                0x0000000000028262                BusFault_Handler
                0x0000000000028264                UsageFault_Handler
                0x0000000000028266                SVC_Handler
                0x0000000000028268                DebugMon_Handler
                0x000000000002826a                PendSV_Handler
                0x000000000002826c                SysTick_Handler
                0x0000000000028272                RADIO_IRQHandler
                0x0000000000028276                TWIM0_TWIS0_IRQHandler
                0x0000000000028278                SPIM0_SPIS0_IRQHandler
                0x000000000002827c                SAADC_IRQHandler
                0x000000000002827e                TIMER0_IRQHandler
                0x0000000000028280                TIMER1_IRQHandler
                0x0000000000028282                TIMER2_IRQHandler
                0x0000000000028284                RTC0_IRQHandler
                0x0000000000028286                TEMP_IRQHandler
                0x0000000000028288                RNG_IRQHandler
                0x000000000002828a                ECB_IRQHandler
                0x000000000002828c                CCM_AAR_IRQHandler
                0x000000000002828e                WDT_IRQHandler
                0x0000000000028292                QDEC_IRQHandler
                0x0000000000028294                COMP_IRQHandler
                0x0000000000028298                SWI1_EGU1_IRQHandler
                0x000000000002829c                SWI3_IRQHandler
                0x000000000002829e                SWI4_IRQHandler
                0x00000000000282a0                SWI5_IRQHandler
                0x00000000000282a2                PWM0_IRQHandler
                0x00000000000282a4                PDM_IRQHandler
                0x00000000000282a8                __init_end__ = (__init_start__ + SIZEOF (.init))
                0x00000000000001f0                __init_size__ = SIZEOF (.init)
                0x00000000000282a8                __init_load_end__ = __init_end__
                0x0000000000000001                . = ASSERT (((__init_start__ == __init_end__) || ((__init_end__ >= __FLASH_segment_start__) && (__init_end__ <= __FLASH_segment_end__))), error: .init is too large to fit in FLASH memory segment)
                0x00000000000282a8                __init_rodata_load_start__ = ALIGN (__init_end__, 0x4)

.init_rodata    0x00000000000282a8        0x0
                0x00000000000282a8                __init_rodata_start__ = .
 *(.init_rodata .init_rodata.*)
                0x00000000000282a8                __init_rodata_end__ = (__init_rodata_start__ + SIZEOF (.init_rodata))
                0x0000000000000000                __init_rodata_size__ = SIZEOF (.init_rodata)
                0x00000000000282a8                __init_rodata_load_end__ = __init_rodata_end__
                0x0000000000000001                . = ASSERT (((__init_rodata_start__ == __init_rodata_end__) || ((__init_rodata_end__ >= __FLASH_segment_start__) && (__init_rodata_end__ <= __FLASH_segment_end__))), error: .init_rodata is too large to fit in FLASH memory segment)
                0x00000000000282a8                __text_load_start__ = ALIGN (__init_rodata_end__, 0x4)

.text           0x00000000000282a8     0x4d98
                0x00000000000282a8                __text_start__ = .
 *(.text .text.* .glue_7t .glue_7 .gnu.linkonce.t.* .gcc_except_table .ARM.extab* .gnu.linkonce.armextab.*)
 .glue_7        0x00000000000282a8        0x0 linker stubs
 .glue_7t       0x00000000000282a8        0x0 linker stubs
 .text.bsp_board_led_on
                0x00000000000282a8       0x18 Output/secure_dfu_serial_s132_pca10040 Release/Obj/boards.o
                0x00000000000282a8                bsp_board_led_on
 .text.bsp_board_led_off
                0x00000000000282c0       0x18 Output/secure_dfu_serial_s132_pca10040 Release/Obj/boards.o
                0x00000000000282c0                bsp_board_led_off
 .text.bsp_board_leds_off
                0x00000000000282d8       0x1e Output/secure_dfu_serial_s132_pca10040 Release/Obj/boards.o
                0x00000000000282d8                bsp_board_leds_off
 .text.bsp_board_leds_init
                0x00000000000282f6       0x1a Output/secure_dfu_serial_s132_pca10040 Release/Obj/boards.o
                0x00000000000282f6                bsp_board_leds_init
 .text.NVIC_SystemReset
                0x0000000000028310       0x24 Output/secure_dfu_serial_s132_pca10040 Release/Obj/main.o
 .text.app_error_handler_bare
                0x0000000000028334        0x6 Output/secure_dfu_serial_s132_pca10040 Release/Obj/main.o
                0x0000000000028334                app_error_handler_bare
 .text.nrf_dfu_button_enter_check
                0x000000000002833a       0x12 Output/secure_dfu_serial_s132_pca10040 Release/Obj/main.o
                0x000000000002833a                nrf_dfu_button_enter_check
 .text.startup.main
                0x000000000002834c       0x34 Output/secure_dfu_serial_s132_pca10040 Release/Obj/main.o
                0x000000000002834c                main
 .text.app_sched_init
                0x0000000000028380       0x48 Output/secure_dfu_serial_s132_pca10040 Release/Obj/app_scheduler.o
                0x0000000000028380                app_sched_init
 .text.app_sched_event_put
                0x00000000000283c8       0xcc Output/secure_dfu_serial_s132_pca10040 Release/Obj/app_scheduler.o
                0x00000000000283c8                app_sched_event_put
 .text.app_sched_execute
                0x0000000000028494       0x64 Output/secure_dfu_serial_s132_pca10040 Release/Obj/app_scheduler.o
                0x0000000000028494                app_sched_execute
 .text.user_op_alloc
                0x00000000000284f8       0x2c Output/secure_dfu_serial_s132_pca10040 Release/Obj/app_timer.o
 .text.timer_stop_op_schedule
                0x0000000000028524       0x50 Output/secure_dfu_serial_s132_pca10040 Release/Obj/app_timer.o
 .text.nrf_delay_us.part.0.constprop.4
                0x0000000000028574       0x8c Output/secure_dfu_serial_s132_pca10040 Release/Obj/app_timer.o
 .text.rtc1_stop
                0x0000000000028600       0x44 Output/secure_dfu_serial_s132_pca10040 Release/Obj/app_timer.o
 .text.RTC1_IRQHandler
                0x0000000000028644       0x9c Output/secure_dfu_serial_s132_pca10040 Release/Obj/app_timer.o
                0x0000000000028644                RTC1_IRQHandler
 .text.SWI0_EGU0_IRQHandler
                0x00000000000286e0      0x2a4 Output/secure_dfu_serial_s132_pca10040 Release/Obj/app_timer.o
                0x00000000000286e0                SWI0_EGU0_IRQHandler
 .text.app_timer_init
                0x0000000000028984       0x64 Output/secure_dfu_serial_s132_pca10040 Release/Obj/app_timer.o
                0x0000000000028984                app_timer_init
 .text.app_timer_create
                0x00000000000289e8       0x24 Output/secure_dfu_serial_s132_pca10040 Release/Obj/app_timer.o
                0x00000000000289e8                app_timer_create
 .text.app_timer_start
                0x0000000000028a0c       0x8c Output/secure_dfu_serial_s132_pca10040 Release/Obj/app_timer.o
                0x0000000000028a0c                app_timer_start
 .text.app_timer_stop
                0x0000000000028a98       0x20 Output/secure_dfu_serial_s132_pca10040 Release/Obj/app_timer.o
                0x0000000000028a98                app_timer_stop
 .text.app_util_critical_region_enter
                0x0000000000028ab8       0x48 Output/secure_dfu_serial_s132_pca10040 Release/Obj/app_util_platform.o
                0x0000000000028ab8                app_util_critical_region_enter
 .text.app_util_critical_region_exit
                0x0000000000028b00       0x2c Output/secure_dfu_serial_s132_pca10040 Release/Obj/app_util_platform.o
                0x0000000000028b00                app_util_critical_region_exit
 .text.crc32_compute
                0x0000000000028b2c       0x3c Output/secure_dfu_serial_s132_pca10040 Release/Obj/crc32.o
                0x0000000000028b2c                crc32_compute
 .text.nrf_fstorage_init
                0x0000000000028b68       0x12 Output/secure_dfu_serial_s132_pca10040 Release/Obj/nrf_fstorage.o
                0x0000000000028b68                nrf_fstorage_init
 .text.nrf_fstorage_write
                0x0000000000028b7a       0x6c Output/secure_dfu_serial_s132_pca10040 Release/Obj/nrf_fstorage.o
                0x0000000000028b7a                nrf_fstorage_write
 .text.nrf_fstorage_erase
                0x0000000000028be6       0x4c Output/secure_dfu_serial_s132_pca10040 Release/Obj/nrf_fstorage.o
                0x0000000000028be6                nrf_fstorage_erase
 *fill*         0x0000000000028c32        0x2 
 .text.init     0x0000000000028c34        0xc Output/secure_dfu_serial_s132_pca10040 Release/Obj/nrf_fstorage_nvmc.o
 .text.rmap     0x0000000000028c40        0x4 Output/secure_dfu_serial_s132_pca10040 Release/Obj/nrf_fstorage_nvmc.o
 .text.wmap     0x0000000000028c44        0x4 Output/secure_dfu_serial_s132_pca10040 Release/Obj/nrf_fstorage_nvmc.o
 .text.is_busy  0x0000000000028c48       0x10 Output/secure_dfu_serial_s132_pca10040 Release/Obj/nrf_fstorage_nvmc.o
 .text.read     0x0000000000028c58        0xe Output/secure_dfu_serial_s132_pca10040 Release/Obj/nrf_fstorage_nvmc.o
 *fill*         0x0000000000028c66        0x2 
 .text.nrf_atomic_flag_clear.constprop.5
                0x0000000000028c68       0x20 Output/secure_dfu_serial_s132_pca10040 Release/Obj/nrf_fstorage_nvmc.o
 .text.uninit   0x0000000000028c88        0xa Output/secure_dfu_serial_s132_pca10040 Release/Obj/nrf_fstorage_nvmc.o
 *fill*         0x0000000000028c92        0x2 
 .text.erase    0x0000000000028c94       0x68 Output/secure_dfu_serial_s132_pca10040 Release/Obj/nrf_fstorage_nvmc.o
 .text.write    0x0000000000028cfc       0x60 Output/secure_dfu_serial_s132_pca10040 Release/Obj/nrf_fstorage_nvmc.o
 .text.nrf_section_iter_init
                0x0000000000028d5c       0x14 Output/secure_dfu_serial_s132_pca10040 Release/Obj/nrf_section_iter.o
                0x0000000000028d5c                nrf_section_iter_init
 .text.nrf_section_iter_next
                0x0000000000028d70       0x18 Output/secure_dfu_serial_s132_pca10040 Release/Obj/nrf_section_iter.o
                0x0000000000028d70                nrf_section_iter_next
 .text.sha256_transform
                0x0000000000028d88      0x138 Output/secure_dfu_serial_s132_pca10040 Release/Obj/sha256.o
                0x0000000000028d88                sha256_transform
 .text.sha256_init
                0x0000000000028ec0       0x60 Output/secure_dfu_serial_s132_pca10040 Release/Obj/sha256.o
                0x0000000000028ec0                sha256_init
 .text.sha256_update
                0x0000000000028f20       0x48 Output/secure_dfu_serial_s132_pca10040 Release/Obj/sha256.o
                0x0000000000028f20                sha256_update
 .text.sha256_final
                0x0000000000028f68      0x11e Output/secure_dfu_serial_s132_pca10040 Release/Obj/sha256.o
                0x0000000000028f68                sha256_final
 .text.slip_encode
                0x0000000000029086       0x6a Output/secure_dfu_serial_s132_pca10040 Release/Obj/slip.o
                0x0000000000029086                slip_encode
 .text.slip_decode_add_byte
                0x00000000000290f0       0x74 Output/secure_dfu_serial_s132_pca10040 Release/Obj/slip.o
                0x00000000000290f0                slip_decode_add_byte
 .text.sd_clock_hfclk_release
                0x0000000000029164        0x4 Output/secure_dfu_serial_s132_pca10040 Release/Obj/nrf_drv_clock.o
 .text.clock_clk_started_notify
                0x0000000000029168       0x28 Output/secure_dfu_serial_s132_pca10040 Release/Obj/nrf_drv_clock.o
 .text.soc_evt_handler
                0x0000000000029190        0x8 Output/secure_dfu_serial_s132_pca10040 Release/Obj/nrf_drv_clock.o
 .text.hfclk_stop
                0x0000000000029198       0x38 Output/secure_dfu_serial_s132_pca10040 Release/Obj/nrf_drv_clock.o
 .text.lfclk_stop
                0x00000000000291d0       0x24 Output/secure_dfu_serial_s132_pca10040 Release/Obj/nrf_drv_clock.o
 .text.nrf_drv_clock_init
                0x00000000000291f4       0x44 Output/secure_dfu_serial_s132_pca10040 Release/Obj/nrf_drv_clock.o
                0x00000000000291f4                nrf_drv_clock_init
 .text.nrf_drv_clock_uninit
                0x0000000000029238       0x28 Output/secure_dfu_serial_s132_pca10040 Release/Obj/nrf_drv_clock.o
                0x0000000000029238                nrf_drv_clock_uninit
 .text.nrf_drv_clock_lfclk_request
                0x0000000000029260       0x84 Output/secure_dfu_serial_s132_pca10040 Release/Obj/nrf_drv_clock.o
                0x0000000000029260                nrf_drv_clock_lfclk_request
 .text.nrf_drv_clock_lfclk_release
                0x00000000000292e4       0x30 Output/secure_dfu_serial_s132_pca10040 Release/Obj/nrf_drv_clock.o
                0x00000000000292e4                nrf_drv_clock_lfclk_release
 .text.sd_state_evt_handler
                0x0000000000029314       0x5c Output/secure_dfu_serial_s132_pca10040 Release/Obj/nrf_drv_clock.o
 .text.POWER_CLOCK_IRQHandler
                0x0000000000029370       0x5c Output/secure_dfu_serial_s132_pca10040 Release/Obj/nrf_drv_clock.o
                0x0000000000029370                POWER_CLOCK_IRQHandler
 .text.nrf_drv_common_clock_irq_disable
                0x00000000000293cc       0x10 Output/secure_dfu_serial_s132_pca10040 Release/Obj/nrf_drv_common.o
                0x00000000000293cc                nrf_drv_common_clock_irq_disable
 .text.nrf_drv_common_irq_enable
                0x00000000000293dc       0x4c Output/secure_dfu_serial_s132_pca10040 Release/Obj/nrf_drv_common.o
                0x00000000000293dc                nrf_drv_common_irq_enable
 .text.nrf_gpiote_event_clear
                0x0000000000029428       0x18 Output/secure_dfu_serial_s132_pca10040 Release/Obj/nrf_drv_gpiote.o
 .text.nrf_gpio_cfg_sense_set
                0x0000000000029440       0x20 Output/secure_dfu_serial_s132_pca10040 Release/Obj/nrf_drv_gpiote.o
 .text.GPIOTE_IRQHandler
                0x0000000000029460      0x184 Output/secure_dfu_serial_s132_pca10040 Release/Obj/nrf_drv_gpiote.o
                0x0000000000029460                GPIOTE_IRQHandler
 .text.nrf_uarte_event_clear
                0x00000000000295e4       0x10 Output/secure_dfu_serial_s132_pca10040 Release/Obj/nrf_drv_uart.o
 .text.rx_done_event.constprop.9
                0x00000000000295f4       0x24 Output/secure_dfu_serial_s132_pca10040 Release/Obj/nrf_drv_uart.o
 .text.nrf_drv_uart_init
                0x0000000000029618      0x130 Output/secure_dfu_serial_s132_pca10040 Release/Obj/nrf_drv_uart.o
                0x0000000000029618                nrf_drv_uart_init
 .text.nrf_drv_uart_uninit
                0x0000000000029748       0xc4 Output/secure_dfu_serial_s132_pca10040 Release/Obj/nrf_drv_uart.o
                0x0000000000029748                nrf_drv_uart_uninit
 .text.nrf_drv_uart_tx
                0x000000000002980c       0x90 Output/secure_dfu_serial_s132_pca10040 Release/Obj/nrf_drv_uart.o
                0x000000000002980c                nrf_drv_uart_tx
 .text.nrf_drv_uart_rx
                0x000000000002989c       0xdc Output/secure_dfu_serial_s132_pca10040 Release/Obj/nrf_drv_uart.o
                0x000000000002989c                nrf_drv_uart_rx
 .text.nrf_drv_uart_rx_enable
                0x0000000000029978        0x2 Output/secure_dfu_serial_s132_pca10040 Release/Obj/nrf_drv_uart.o
                0x0000000000029978                nrf_drv_uart_rx_enable
 *fill*         0x000000000002997a        0x2 
 .text.UARTE0_IRQHandler
                0x000000000002997c       0xf0 Output/secure_dfu_serial_s132_pca10040 Release/Obj/nrf_drv_uart.o
                0x000000000002997c                UARTE0_IRQHandler
 .text.wait_for_flash_ready
                0x0000000000029a6c       0x10 Output/secure_dfu_serial_s132_pca10040 Release/Obj/nrf_nvmc.o
 .text.nrf_nvmc_page_erase
                0x0000000000029a7c       0x30 Output/secure_dfu_serial_s132_pca10040 Release/Obj/nrf_nvmc.o
                0x0000000000029a7c                nrf_nvmc_page_erase
 .text.nrf_nvmc_write_words
                0x0000000000029aac       0x40 Output/secure_dfu_serial_s132_pca10040 Release/Obj/nrf_nvmc.o
                0x0000000000029aac                nrf_nvmc_write_words
 .text.nrf_crypto_ecdsa_sizes_get
                0x0000000000029aec       0x66 Output/secure_dfu_serial_s132_pca10040 Release/Obj/nrf_crypto_ecdsa.o
                0x0000000000029aec                nrf_crypto_ecdsa_sizes_get
 .text.nrf_crypto_hash_size_get
                0x0000000000029b52       0x2e Output/secure_dfu_serial_s132_pca10040 Release/Obj/nrf_crypto_hash.o
                0x0000000000029b52                nrf_crypto_hash_size_get
 .text.dfu_decode_commmand
                0x0000000000029b80       0x4c Output/secure_dfu_serial_s132_pca10040 Release/Obj/dfu_req_handling.o
 .text.inactivity_timer_restart
                0x0000000000029bcc       0x38 Output/secure_dfu_serial_s132_pca10040 Release/Obj/dfu_req_handling.o
 .text.reset_device
                0x0000000000029c04       0x34 Output/secure_dfu_serial_s132_pca10040 Release/Obj/dfu_req_handling.o
 .text.pb_decoding_callback
                0x0000000000029c38       0x24 Output/secure_dfu_serial_s132_pca10040 Release/Obj/dfu_req_handling.o
 .text.on_dfu_complete
                0x0000000000029c5c       0x40 Output/secure_dfu_serial_s132_pca10040 Release/Obj/dfu_req_handling.o
 .text.nrf_dfu_req_handler_reset_if_dfu_complete
                0x0000000000029c9c       0x18 Output/secure_dfu_serial_s132_pca10040 Release/Obj/dfu_req_handling.o
                0x0000000000029c9c                nrf_dfu_req_handler_reset_if_dfu_complete
 .text.nrf_dfu_req_handler_init
                0x0000000000029cb4       0x68 Output/secure_dfu_serial_s132_pca10040 Release/Obj/dfu_req_handling.o
                0x0000000000029cb4                nrf_dfu_req_handler_init
 .text.nrf_dfu_req_handler_on_req
                0x0000000000029d1c      0x738 Output/secure_dfu_serial_s132_pca10040 Release/Obj/dfu_req_handling.o
                0x0000000000029d1c                nrf_dfu_req_handler_on_req
 .text.nrf_dfu_init_user
                0x000000000002a454        0x4 Output/secure_dfu_serial_s132_pca10040 Release/Obj/nrf_bootloader.o
                0x000000000002a454                nrf_dfu_init_user
 .text.nrf_bootloader_init
                0x000000000002a458        0xe Output/secure_dfu_serial_s132_pca10040 Release/Obj/nrf_bootloader.o
                0x000000000002a458                nrf_bootloader_init
 .text.sd_softdevice_vector_table_base_set
                0x000000000002a466        0x4 Output/secure_dfu_serial_s132_pca10040 Release/Obj/nrf_bootloader_app_start.o
 *fill*         0x000000000002a46a        0x2 
 .text.nrf_bootloader_app_start
                0x000000000002a46c       0x30 Output/secure_dfu_serial_s132_pca10040 Release/Obj/nrf_bootloader_app_start.o
                0x000000000002a46c                nrf_bootloader_app_start
 .text.nrf_bootloader_app_start_impl
                0x000000000002a49c       0x48 Output/secure_dfu_serial_s132_pca10040 Release/Obj/nrf_bootloader_app_start_asm.o
                0x000000000002a49c                nrf_bootloader_app_start_impl
 .text.nrf_dfu_enter_check
                0x000000000002a4e4       0x3c Output/secure_dfu_serial_s132_pca10040 Release/Obj/nrf_dfu.o
                0x000000000002a4e4                nrf_dfu_enter_check
 .text.nrf_dfu_init
                0x000000000002a520       0xd4 Output/secure_dfu_serial_s132_pca10040 Release/Obj/nrf_dfu.o
                0x000000000002a520                nrf_dfu_init
 .text.dfu_fstorage_evt_handler
                0x000000000002a5f4       0x18 Output/secure_dfu_serial_s132_pca10040 Release/Obj/nrf_dfu_flash.o
                0x000000000002a5f4                dfu_fstorage_evt_handler
 .text.nrf_dfu_flash_init
                0x000000000002a60c       0x14 Output/secure_dfu_serial_s132_pca10040 Release/Obj/nrf_dfu_flash.o
                0x000000000002a60c                nrf_dfu_flash_init
 .text.nrf_dfu_flash_store
                0x000000000002a620       0x24 Output/secure_dfu_serial_s132_pca10040 Release/Obj/nrf_dfu_flash.o
                0x000000000002a620                nrf_dfu_flash_store
 .text.nrf_dfu_flash_erase
                0x000000000002a644       0x20 Output/secure_dfu_serial_s132_pca10040 Release/Obj/nrf_dfu_flash.o
                0x000000000002a644                nrf_dfu_flash_erase
 .text.ext_error_set
                0x000000000002a664        0xc Output/secure_dfu_serial_s132_pca10040 Release/Obj/nrf_dfu_handling_error.o
                0x000000000002a664                ext_error_set
 .text.ext_error_get
                0x000000000002a670       0x10 Output/secure_dfu_serial_s132_pca10040 Release/Obj/nrf_dfu_handling_error.o
                0x000000000002a670                ext_error_get
 .text.sd_mbr_command
                0x000000000002a680        0x4 Output/secure_dfu_serial_s132_pca10040 Release/Obj/nrf_dfu_mbr.o
 .text.nrf_dfu_mbr_copy_bl
                0x000000000002a684       0x22 Output/secure_dfu_serial_s132_pca10040 Release/Obj/nrf_dfu_mbr.o
                0x000000000002a684                nrf_dfu_mbr_copy_bl
 .text.nrf_dfu_mbr_copy_sd
                0x000000000002a6a6       0x24 Output/secure_dfu_serial_s132_pca10040 Release/Obj/nrf_dfu_mbr.o
                0x000000000002a6a6                nrf_dfu_mbr_copy_sd
 .text.nrf_dfu_mbr_init_sd
                0x000000000002a6ca       0x1c Output/secure_dfu_serial_s132_pca10040 Release/Obj/nrf_dfu_mbr.o
                0x000000000002a6ca                nrf_dfu_mbr_init_sd
 .text.nrf_dfu_mbr_compare
                0x000000000002a6e6       0x1a Output/secure_dfu_serial_s132_pca10040 Release/Obj/nrf_dfu_mbr.o
                0x000000000002a6e6                nrf_dfu_mbr_compare
 .text.nrf_dfu_settings_write
                0x000000000002a700       0x50 Output/secure_dfu_serial_s132_pca10040 Release/Obj/nrf_dfu_settings.o
                0x000000000002a700                nrf_dfu_settings_write
 .text.nrf_dfu_settings_init
                0x000000000002a750       0x5c Output/secure_dfu_serial_s132_pca10040 Release/Obj/nrf_dfu_settings.o
                0x000000000002a750                nrf_dfu_settings_init
 .text.nrf_dfu_settings_additional_erase
                0x000000000002a7ac        0x4 Output/secure_dfu_serial_s132_pca10040 Release/Obj/nrf_dfu_settings.o
                0x000000000002a7ac                nrf_dfu_settings_additional_erase
 .text.nrf_dfu_transports_init
                0x000000000002a7b0       0x2c Output/secure_dfu_serial_s132_pca10040 Release/Obj/nrf_dfu_transport.o
                0x000000000002a7b0                nrf_dfu_transports_init
 .text.nrf_dfu_transports_close
                0x000000000002a7dc       0x2c Output/secure_dfu_serial_s132_pca10040 Release/Obj/nrf_dfu_transport.o
                0x000000000002a7dc                nrf_dfu_transports_close
 .text.nrf_dfu_reset_timeout_handler
                0x000000000002a808       0x24 Output/secure_dfu_serial_s132_pca10040 Release/Obj/nrf_dfu_utils.o
                0x000000000002a808                nrf_dfu_reset_timeout_handler
 .text.nrf_dfu_invalidate_bank
                0x000000000002a82c       0x1c Output/secure_dfu_serial_s132_pca10040 Release/Obj/nrf_dfu_utils.o
 .text.nrf_dfu_sd_continue_impl.isra.0
                0x000000000002a848       0x8c Output/secure_dfu_serial_s132_pca10040 Release/Obj/nrf_dfu_utils.o
 .text.nrf_dfu_bl_continue
                0x000000000002a8d4       0x44 Output/secure_dfu_serial_s132_pca10040 Release/Obj/nrf_dfu_utils.o
 .text.nrf_dfu_continue
                0x000000000002a918      0x148 Output/secure_dfu_serial_s132_pca10040 Release/Obj/nrf_dfu_utils.o
                0x000000000002a918                nrf_dfu_continue
 .text.nrf_dfu_app_is_valid
                0x000000000002aa60       0x30 Output/secure_dfu_serial_s132_pca10040 Release/Obj/nrf_dfu_utils.o
                0x000000000002aa60                nrf_dfu_app_is_valid
 .text.reset_device_callback
                0x000000000002aa90       0x3c Output/secure_dfu_serial_s132_pca10040 Release/Obj/nrf_dfu_utils.o
 .text.nrf_dfu_find_cache
                0x000000000002aacc       0x80 Output/secure_dfu_serial_s132_pca10040 Release/Obj/nrf_dfu_utils.o
                0x000000000002aacc                nrf_dfu_find_cache
 .text.pb_field_iter_begin
                0x000000000002ab4c       0x22 Output/secure_dfu_serial_s132_pca10040 Release/Obj/pb_common.o
                0x000000000002ab4c                pb_field_iter_begin
 .text.pb_field_iter_next
                0x000000000002ab6e       0x82 Output/secure_dfu_serial_s132_pca10040 Release/Obj/pb_common.o
                0x000000000002ab6e                pb_field_iter_next
 .text.pb_field_iter_find
                0x000000000002abf0       0x2e Output/secure_dfu_serial_s132_pca10040 Release/Obj/pb_common.o
                0x000000000002abf0                pb_field_iter_find
 .text.buf_read
                0x000000000002ac1e       0x1c Output/secure_dfu_serial_s132_pca10040 Release/Obj/pb_decode.o
 .text.pb_field_set_to_default
                0x000000000002ac3a       0xa2 Output/secure_dfu_serial_s132_pca10040 Release/Obj/pb_decode.o
 .text.pb_message_set_to_defaults
                0x000000000002acdc       0x22 Output/secure_dfu_serial_s132_pca10040 Release/Obj/pb_decode.o
 .text.pb_decode_varint32
                0x000000000002acfe       0x76 Output/secure_dfu_serial_s132_pca10040 Release/Obj/pb_decode.o
 .text.pb_read  0x000000000002ad74       0x58 Output/secure_dfu_serial_s132_pca10040 Release/Obj/pb_decode.o
                0x000000000002ad74                pb_read
 .text.pb_dec_string
                0x000000000002adcc       0x3c Output/secure_dfu_serial_s132_pca10040 Release/Obj/pb_decode.o
 .text.pb_dec_bytes
                0x000000000002ae08       0x3e Output/secure_dfu_serial_s132_pca10040 Release/Obj/pb_decode.o
 *fill*         0x000000000002ae46        0x2 
 .text.pb_istream_from_buffer
                0x000000000002ae48       0x14 Output/secure_dfu_serial_s132_pca10040 Release/Obj/pb_decode.o
                0x000000000002ae48                pb_istream_from_buffer
 .text.pb_decode_varint
                0x000000000002ae5c       0x62 Output/secure_dfu_serial_s132_pca10040 Release/Obj/pb_decode.o
                0x000000000002ae5c                pb_decode_varint
 .text.pb_dec_uvarint
                0x000000000002aebe       0x5c Output/secure_dfu_serial_s132_pca10040 Release/Obj/pb_decode.o
 .text.pb_dec_varint
                0x000000000002af1a       0x5c Output/secure_dfu_serial_s132_pca10040 Release/Obj/pb_decode.o
 .text.pb_decode_tag
                0x000000000002af76       0x3a Output/secure_dfu_serial_s132_pca10040 Release/Obj/pb_decode.o
                0x000000000002af76                pb_decode_tag
 .text.pb_skip_field
                0x000000000002afb0       0x4c Output/secure_dfu_serial_s132_pca10040 Release/Obj/pb_decode.o
                0x000000000002afb0                pb_skip_field
 .text.pb_make_string_substream
                0x000000000002affc       0x30 Output/secure_dfu_serial_s132_pca10040 Release/Obj/pb_decode.o
                0x000000000002affc                pb_make_string_substream
 .text.decode_field
                0x000000000002b02c      0x1a0 Output/secure_dfu_serial_s132_pca10040 Release/Obj/pb_decode.o
 .text.pb_decode_noinit
                0x000000000002b1cc      0x1ac Output/secure_dfu_serial_s132_pca10040 Release/Obj/pb_decode.o
                0x000000000002b1cc                pb_decode_noinit
 .text.pb_decode
                0x000000000002b378       0x1e Output/secure_dfu_serial_s132_pca10040 Release/Obj/pb_decode.o
                0x000000000002b378                pb_decode
 .text.pb_dec_submessage
                0x000000000002b396       0x3a Output/secure_dfu_serial_s132_pca10040 Release/Obj/pb_decode.o
 .text.pb_decode_svarint
                0x000000000002b3d0       0x2e Output/secure_dfu_serial_s132_pca10040 Release/Obj/pb_decode.o
                0x000000000002b3d0                pb_decode_svarint
 .text.pb_dec_svarint
                0x000000000002b3fe       0x5a Output/secure_dfu_serial_s132_pca10040 Release/Obj/pb_decode.o
 .text.pb_decode_fixed32
                0x000000000002b458       0x18 Output/secure_dfu_serial_s132_pca10040 Release/Obj/pb_decode.o
                0x000000000002b458                pb_decode_fixed32
 .text.pb_dec_fixed32
                0x000000000002b470        0x6 Output/secure_dfu_serial_s132_pca10040 Release/Obj/pb_decode.o
 .text.pb_decode_fixed64
                0x000000000002b476       0x1a Output/secure_dfu_serial_s132_pca10040 Release/Obj/pb_decode.o
                0x000000000002b476                pb_decode_fixed64
 .text.pb_dec_fixed64
                0x000000000002b490        0x6 Output/secure_dfu_serial_s132_pca10040 Release/Obj/pb_decode.o
 *fill*         0x000000000002b496        0x2 
 .text.errata_57
                0x000000000002b498       0x34 Output/secure_dfu_serial_s132_pca10040 Release/Obj/system_nrf52810.o
 .text.errata_108
                0x000000000002b4cc       0x40 Output/secure_dfu_serial_s132_pca10040 Release/Obj/system_nrf52810.o
 .text.SystemInit
                0x000000000002b50c      0x1f0 Output/secure_dfu_serial_s132_pca10040 Release/Obj/system_nrf52810.o
                0x000000000002b50c                SystemInit
 .text.serial_dfu_transport_close
                0x000000000002b6fc       0x10 Output/secure_dfu_serial_s132_pca10040 Release/Obj/nrf_serial_dfu.o
                0x000000000002b6fc                serial_dfu_transport_close
 .text.serial_dfu_transport_init
                0x000000000002b70c       0xa0 Output/secure_dfu_serial_s132_pca10040 Release/Obj/nrf_serial_dfu.o
                0x000000000002b70c                serial_dfu_transport_init
 .text.response_send
                0x000000000002b7ac      0x10c Output/secure_dfu_serial_s132_pca10040 Release/Obj/nrf_serial_dfu.o
 .text.uart_event_handler
                0x000000000002b8b8      0x1b0 Output/secure_dfu_serial_s132_pca10040 Release/Obj/nrf_serial_dfu.o
 .text.nrf_sdh_is_enabled
                0x000000000002ba68        0xc Output/secure_dfu_serial_s132_pca10040 Release/Obj/nrf_sdh.o
                0x000000000002ba68                nrf_sdh_is_enabled
 .text.nrf_sdh_evts_poll
                0x000000000002ba74       0x28 Output/secure_dfu_serial_s132_pca10040 Release/Obj/nrf_sdh.o
                0x000000000002ba74                nrf_sdh_evts_poll
 .text.appsh_events_poll
                0x000000000002ba9c        0x4 Output/secure_dfu_serial_s132_pca10040 Release/Obj/nrf_sdh.o
 .text.SWI2_IRQHandler
                0x000000000002baa0       0x1c Output/secure_dfu_serial_s132_pca10040 Release/Obj/nrf_sdh.o
                0x000000000002baa0                SWI2_IRQHandler
 .text.sd_evt_get
                0x000000000002babc        0x4 Output/secure_dfu_serial_s132_pca10040 Release/Obj/nrf_sdh_soc.o
 .text.nrf_sdh_soc_evts_poll
                0x000000000002bac0       0x3c Output/secure_dfu_serial_s132_pca10040 Release/Obj/nrf_sdh_soc.o
 .text.nrf_crypto_ecdsa_verify_hash
                0x000000000002bafc       0x8e Output/secure_dfu_serial_s132_pca10040 Release/Obj/micro_ecc_lib_ecdsa.o
                0x000000000002bafc                nrf_crypto_ecdsa_verify_hash
 .text.nrf_crypto_hash_init
                0x000000000002bb8a       0x32 Output/secure_dfu_serial_s132_pca10040 Release/Obj/nrf_crypto_sw_hash.o
                0x000000000002bb8a                nrf_crypto_hash_init
 .text.nrf_crypto_hash_update
                0x000000000002bbbc       0x18 Output/secure_dfu_serial_s132_pca10040 Release/Obj/nrf_crypto_sw_hash.o
                0x000000000002bbbc                nrf_crypto_hash_update
 .text.nrf_crypto_hash_finalize
                0x000000000002bbd4       0x4a Output/secure_dfu_serial_s132_pca10040 Release/Obj/nrf_crypto_sw_hash.o
                0x000000000002bbd4                nrf_crypto_hash_finalize
 .text.nrf_crypto_hash_compute
                0x000000000002bc1e       0x68 Output/secure_dfu_serial_s132_pca10040 Release/Obj/nrf_crypto_sw_hash.o
                0x000000000002bc1e                nrf_crypto_hash_compute
 *fill*         0x000000000002bc86        0x2 
 .text.libc.__int64_lsl
                0x000000000002bc88       0x28 C:/Program Files/SEGGER/SEGGER Embedded Studio 3.29/lib/libc_v7em_t_le_eabi.a(libc_asm.o)
                0x000000000002bc88                __int64_lsl
                0x000000000002bc88                __aeabi_llsl
                0x000000000002bc88                __ashldi3
 .text.libc.memcmp
                0x000000000002bcb0       0x40 C:/Program Files/SEGGER/SEGGER Embedded Studio 3.29/lib/libc_v7em_t_le_eabi.a(libc2.o)
                0x000000000002bcb0                memcmp
 .text.libc.memcpy
                0x000000000002bcf0       0x54 C:/Program Files/SEGGER/SEGGER Embedded Studio 3.29/lib/libc_v7em_t_le_eabi.a(libc2_asm.o)
                0x000000000002bcf0                __aeabi_memcpy
                0x000000000002bcf0                memcpy
                0x000000000002bcfc                __aeabi_memcpy8
                0x000000000002bcfc                __aeabi_memcpy4
 .text.libc.memset
                0x000000000002bd44       0x68 C:/Program Files/SEGGER/SEGGER Embedded Studio 3.29/lib/libc_v7em_t_le_eabi.a(libc2_asm.o)
                0x000000000002bd44                memset
 .text.bcopy    0x000000000002bdac        0xc ../../../../../../external/micro-ecc/nrf52nf_armgcc/armgcc/micro_ecc_lib_nrf52.a(uECC.c.o)
 .text.uECC_vli_cmp_unsafe
                0x000000000002bdb8       0x2a ../../../../../../external/micro-ecc/nrf52nf_armgcc/armgcc/micro_ecc_lib_nrf52.a(uECC.c.o)
 *fill*         0x000000000002bde2        0xe 
 .text.uECC_vli_add
                0x000000000002bdf0       0x58 ../../../../../../external/micro-ecc/nrf52nf_armgcc/armgcc/micro_ecc_lib_nrf52.a(uECC.c.o)
                0x000000000002bdf0                uECC_vli_add
 *fill*         0x000000000002be48        0x8 
 .text.uECC_vli_sub
                0x000000000002be50       0x60 ../../../../../../external/micro-ecc/nrf52nf_armgcc/armgcc/micro_ecc_lib_nrf52.a(uECC.c.o)
                0x000000000002be50                uECC_vli_sub
 .text.uECC_vli_mult
                0x000000000002beb0      0x312 ../../../../../../external/micro-ecc/nrf52nf_armgcc/armgcc/micro_ecc_lib_nrf52.a(uECC.c.o)
                0x000000000002beb0                uECC_vli_mult
 .text.uECC_vli_square
                0x000000000002c1c2      0x28c ../../../../../../external/micro-ecc/nrf52nf_armgcc/armgcc/micro_ecc_lib_nrf52.a(uECC.c.o)
                0x000000000002c1c2                uECC_vli_square
 .text.uECC_vli_clear
                0x000000000002c44e       0x18 ../../../../../../external/micro-ecc/nrf52nf_armgcc/armgcc/micro_ecc_lib_nrf52.a(uECC.c.o)
                0x000000000002c44e                uECC_vli_clear
 .text.bits2int
                0x000000000002c466       0x88 ../../../../../../external/micro-ecc/nrf52nf_armgcc/armgcc/micro_ecc_lib_nrf52.a(uECC.c.o)
 .text.uECC_vli_isZero
                0x000000000002c4ee       0x1e ../../../../../../external/micro-ecc/nrf52nf_armgcc/armgcc/micro_ecc_lib_nrf52.a(uECC.c.o)
                0x000000000002c4ee                uECC_vli_isZero
 .text.uECC_vli_testBit
                0x000000000002c50c       0x12 ../../../../../../external/micro-ecc/nrf52nf_armgcc/armgcc/micro_ecc_lib_nrf52.a(uECC.c.o)
                0x000000000002c50c                uECC_vli_testBit
 .text.uECC_vli_numBits
                0x000000000002c51e       0x44 ../../../../../../external/micro-ecc/nrf52nf_armgcc/armgcc/micro_ecc_lib_nrf52.a(uECC.c.o)
                0x000000000002c51e                uECC_vli_numBits
 .text.uECC_vli_set
                0x000000000002c562       0x1a ../../../../../../external/micro-ecc/nrf52nf_armgcc/armgcc/micro_ecc_lib_nrf52.a(uECC.c.o)
                0x000000000002c562                uECC_vli_set
 .text.vli_mmod_fast_secp256r1
                0x000000000002c57c      0x1b0 ../../../../../../external/micro-ecc/nrf52nf_armgcc/armgcc/micro_ecc_lib_nrf52.a(uECC.c.o)
 .text.uECC_vli_equal
                0x000000000002c72c       0x2a ../../../../../../external/micro-ecc/nrf52nf_armgcc/armgcc/micro_ecc_lib_nrf52.a(uECC.c.o)
                0x000000000002c72c                uECC_vli_equal
 .text.uECC_vli_rshift1
                0x000000000002c756       0x1a ../../../../../../external/micro-ecc/nrf52nf_armgcc/armgcc/micro_ecc_lib_nrf52.a(uECC.c.o)
                0x000000000002c756                uECC_vli_rshift1
 .text.vli_modInv_update
                0x000000000002c770       0x3a ../../../../../../external/micro-ecc/nrf52nf_armgcc/armgcc/micro_ecc_lib_nrf52.a(uECC.c.o)
 .text.uECC_vli_modAdd
                0x000000000002c7aa       0x32 ../../../../../../external/micro-ecc/nrf52nf_armgcc/armgcc/micro_ecc_lib_nrf52.a(uECC.c.o)
                0x000000000002c7aa                uECC_vli_modAdd
 .text.uECC_vli_modSub
                0x000000000002c7dc       0x24 ../../../../../../external/micro-ecc/nrf52nf_armgcc/armgcc/micro_ecc_lib_nrf52.a(uECC.c.o)
                0x000000000002c7dc                uECC_vli_modSub
 .text.uECC_vli_mmod
                0x000000000002c800      0x13c ../../../../../../external/micro-ecc/nrf52nf_armgcc/armgcc/micro_ecc_lib_nrf52.a(uECC.c.o)
                0x000000000002c800                uECC_vli_mmod
 .text.uECC_vli_modMult
                0x000000000002c93c       0x24 ../../../../../../external/micro-ecc/nrf52nf_armgcc/armgcc/micro_ecc_lib_nrf52.a(uECC.c.o)
                0x000000000002c93c                uECC_vli_modMult
 .text.uECC_vli_modMult_fast
                0x000000000002c960       0x20 ../../../../../../external/micro-ecc/nrf52nf_armgcc/armgcc/micro_ecc_lib_nrf52.a(uECC.c.o)
                0x000000000002c960                uECC_vli_modMult_fast
 .text.uECC_vli_modSquare_fast
                0x000000000002c980       0x20 ../../../../../../external/micro-ecc/nrf52nf_armgcc/armgcc/micro_ecc_lib_nrf52.a(uECC.c.o)
                0x000000000002c980                uECC_vli_modSquare_fast
 .text.x_side_default
                0x000000000002c9a0       0x5a ../../../../../../external/micro-ecc/nrf52nf_armgcc/armgcc/micro_ecc_lib_nrf52.a(uECC.c.o)
 .text.double_jacobian_default
                0x000000000002c9fa      0x154 ../../../../../../external/micro-ecc/nrf52nf_armgcc/armgcc/micro_ecc_lib_nrf52.a(uECC.c.o)
 .text.XYcZ_add
                0x000000000002cb4e       0xca ../../../../../../external/micro-ecc/nrf52nf_armgcc/armgcc/micro_ecc_lib_nrf52.a(uECC.c.o)
 .text.apply_z  0x000000000002cc18       0x3e ../../../../../../external/micro-ecc/nrf52nf_armgcc/armgcc/micro_ecc_lib_nrf52.a(uECC.c.o)
 .text.uECC_vli_modInv
                0x000000000002cc56      0x10c ../../../../../../external/micro-ecc/nrf52nf_armgcc/armgcc/micro_ecc_lib_nrf52.a(uECC.c.o)
                0x000000000002cc56                uECC_vli_modInv
 *fill*         0x000000000002cd62        0x2 
 .text.uECC_secp256r1
                0x000000000002cd64        0x8 ../../../../../../external/micro-ecc/nrf52nf_armgcc/armgcc/micro_ecc_lib_nrf52.a(uECC.c.o)
                0x000000000002cd64                uECC_secp256r1
 .text.uECC_verify
                0x000000000002cd6c      0x2d4 ../../../../../../external/micro-ecc/nrf52nf_armgcc/armgcc/micro_ecc_lib_nrf52.a(uECC.c.o)
                0x000000000002cd6c                uECC_verify
                0x000000000002d040                __text_end__ = (__text_start__ + SIZEOF (.text))
                0x0000000000004d98                __text_size__ = SIZEOF (.text)
                0x000000000002d040                __text_load_end__ = __text_end__

.vfp11_veneer   0x0000000100000000        0x0
 .vfp11_veneer  0x0000000100000000        0x0 linker stubs

.v4_bx          0x0000000100000000        0x0
 .v4_bx         0x0000000100000000        0x0 linker stubs

.iplt           0x0000000100000000        0x0
 .iplt          0x0000000100000000        0x0 Output/secure_dfu_serial_s132_pca10040 Release/Obj/thumb_crt0.o
                0x0000000000000001                . = ASSERT (((__text_start__ == __text_end__) || ((__text_end__ >= __FLASH_segment_start__) && (__text_end__ <= __FLASH_segment_end__))), error: .text is too large to fit in FLASH memory segment)
                0x000000000002d040                __dfu_trans_load_start__ = ALIGN (__text_end__, 0x4)

.dfu_trans      0x000000000002d040        0x8
                0x000000000002d040                __dfu_trans_start__ = .
                0x000000000002d040                __start_dfu_trans = __dfu_trans_start__
 *(SORT(.dfu_trans*))
 .dfu_trans     0x000000000002d040        0x8 Output/secure_dfu_serial_s132_pca10040 Release/Obj/nrf_serial_dfu.o
                0x000000000002d040                dfu_trans
                0x000000000002d048                __dfu_trans_end__ = (__dfu_trans_start__ + SIZEOF (.dfu_trans))
                0x0000000000000008                __dfu_trans_size__ = SIZEOF (.dfu_trans)
                0x000000000002d048                __stop_dfu_trans = __dfu_trans_end__
                0x000000000002d048                __dfu_trans_load_end__ = __dfu_trans_end__
                0x0000000000000001                . = ASSERT (((__dfu_trans_start__ == __dfu_trans_end__) || ((__dfu_trans_end__ >= __FLASH_segment_start__) && (__dfu_trans_end__ <= __FLASH_segment_end__))), error: .dfu_trans is too large to fit in FLASH memory segment)
                0x000000000002d048                __sdh_soc_observers_load_start__ = ALIGN (__dfu_trans_end__, 0x4)

.sdh_soc_observers
                0x000000000002d048        0x8
                0x000000000002d048                __sdh_soc_observers_start__ = .
                0x000000000002d048                __start_sdh_soc_observers = __sdh_soc_observers_start__
 *(SORT(.sdh_soc_observers*))
 .sdh_soc_observers0
                0x000000000002d048        0x8 Output/secure_dfu_serial_s132_pca10040 Release/Obj/nrf_drv_clock.o
                0x000000000002d050                __sdh_soc_observers_end__ = (__sdh_soc_observers_start__ + SIZEOF (.sdh_soc_observers))
                0x0000000000000008                __sdh_soc_observers_size__ = SIZEOF (.sdh_soc_observers)
                0x000000000002d050                __stop_sdh_soc_observers = __sdh_soc_observers_end__
                0x000000000002d050                __sdh_soc_observers_load_end__ = __sdh_soc_observers_end__
                0x0000000000000001                . = ASSERT (((__sdh_soc_observers_start__ == __sdh_soc_observers_end__) || ((__sdh_soc_observers_end__ >= __FLASH_segment_start__) && (__sdh_soc_observers_end__ <= __FLASH_segment_end__))), error: .sdh_soc_observers is too large to fit in FLASH memory segment)
                0x000000000002d050                __svc_data_load_start__ = ALIGN (__sdh_soc_observers_end__, 0x4)

.svc_data       0x000000000002d050        0x0
                0x000000000002d050                __svc_data_start__ = .
                0x000000000002d050                __start_svc_data = __svc_data_start__
 *(.svc_data*)
                0x000000000002d050                __svc_data_end__ = (__svc_data_start__ + SIZEOF (.svc_data))
                0x0000000000000000                __svc_data_size__ = SIZEOF (.svc_data)
                0x000000000002d050                __stop_svc_data = __svc_data_end__
                0x000000000002d050                __svc_data_load_end__ = __svc_data_end__
                0x0000000000000001                . = ASSERT (((__svc_data_start__ == __svc_data_end__) || ((__svc_data_end__ >= __FLASH_segment_start__) && (__svc_data_end__ <= __FLASH_segment_end__))), error: .svc_data is too large to fit in FLASH memory segment)
                0x000000000002d050                __log_const_data_load_start__ = ALIGN (__svc_data_end__, 0x4)

.log_const_data
                0x000000000002d050        0x0
                0x000000000002d050                __log_const_data_start__ = .
                0x000000000002d050                __start_log_const_data = __log_const_data_start__
 *(SORT(.log_const_data*))
                0x000000000002d050                __log_const_data_end__ = (__log_const_data_start__ + SIZEOF (.log_const_data))
                0x0000000000000000                __log_const_data_size__ = SIZEOF (.log_const_data)
                0x000000000002d050                __stop_log_const_data = __log_const_data_end__
                0x000000000002d050                __log_const_data_load_end__ = __log_const_data_end__
                0x0000000000000001                . = ASSERT (((__log_const_data_start__ == __log_const_data_end__) || ((__log_const_data_end__ >= __FLASH_segment_start__) && (__log_const_data_end__ <= __FLASH_segment_end__))), error: .log_const_data is too large to fit in FLASH memory segment)
                0x000000000002d050                __sdh_state_observers_load_start__ = ALIGN (__log_const_data_end__, 0x4)

.sdh_state_observers
                0x000000000002d050        0x8
                0x000000000002d050                __sdh_state_observers_start__ = .
                0x000000000002d050                __start_sdh_state_observers = __sdh_state_observers_start__
 *(SORT(.sdh_state_observers*))
 .sdh_state_observers0
                0x000000000002d050        0x8 Output/secure_dfu_serial_s132_pca10040 Release/Obj/nrf_drv_clock.o
                0x000000000002d058                __sdh_state_observers_end__ = (__sdh_state_observers_start__ + SIZEOF (.sdh_state_observers))
                0x0000000000000008                __sdh_state_observers_size__ = SIZEOF (.sdh_state_observers)
                0x000000000002d058                __stop_sdh_state_observers = __sdh_state_observers_end__
                0x000000000002d058                __sdh_state_observers_load_end__ = __sdh_state_observers_end__
                0x0000000000000001                . = ASSERT (((__sdh_state_observers_start__ == __sdh_state_observers_end__) || ((__sdh_state_observers_end__ >= __FLASH_segment_start__) && (__sdh_state_observers_end__ <= __FLASH_segment_end__))), error: .sdh_state_observers is too large to fit in FLASH memory segment)
                0x000000000002d058                __sdh_stack_observers_load_start__ = ALIGN (__sdh_state_observers_end__, 0x4)

.sdh_stack_observers
                0x000000000002d058        0x8
                0x000000000002d058                __sdh_stack_observers_start__ = .
                0x000000000002d058                __start_sdh_stack_observers = __sdh_stack_observers_start__
 *(SORT(.sdh_stack_observers*))
 .sdh_stack_observers0
                0x000000000002d058        0x8 Output/secure_dfu_serial_s132_pca10040 Release/Obj/nrf_sdh_soc.o
                0x000000000002d060                __sdh_stack_observers_end__ = (__sdh_stack_observers_start__ + SIZEOF (.sdh_stack_observers))
                0x0000000000000008                __sdh_stack_observers_size__ = SIZEOF (.sdh_stack_observers)
                0x000000000002d060                __stop_sdh_stack_observers = __sdh_stack_observers_end__
                0x000000000002d060                __sdh_stack_observers_load_end__ = __sdh_stack_observers_end__
                0x0000000000000001                . = ASSERT (((__sdh_stack_observers_start__ == __sdh_stack_observers_end__) || ((__sdh_stack_observers_end__ >= __FLASH_segment_start__) && (__sdh_stack_observers_end__ <= __FLASH_segment_end__))), error: .sdh_stack_observers is too large to fit in FLASH memory segment)
                0x000000000002d060                __sdh_req_observers_load_start__ = ALIGN (__sdh_stack_observers_end__, 0x4)

.sdh_req_observers
                0x000000000002d060        0x0
                0x000000000002d060                __sdh_req_observers_start__ = .
                0x000000000002d060                __start_sdh_req_observers = __sdh_req_observers_start__
 *(SORT(.sdh_req_observers*))
                0x000000000002d060                __sdh_req_observers_end__ = (__sdh_req_observers_start__ + SIZEOF (.sdh_req_observers))
                0x0000000000000000                __sdh_req_observers_size__ = SIZEOF (.sdh_req_observers)
                0x000000000002d060                __stop_sdh_req_observers = __sdh_req_observers_end__
                0x000000000002d060                __sdh_req_observers_load_end__ = __sdh_req_observers_end__
                0x0000000000000001                . = ASSERT (((__sdh_req_observers_start__ == __sdh_req_observers_end__) || ((__sdh_req_observers_end__ >= __FLASH_segment_start__) && (__sdh_req_observers_end__ <= __FLASH_segment_end__))), error: .sdh_req_observers is too large to fit in FLASH memory segment)
                0x000000000002d060                __nrf_sections_load_start__ = ALIGN (__sdh_req_observers_end__, 0x4)

.nrf_sections   0x000000000002d060        0x0
                0x000000000002d060                __nrf_sections_start__ = .
                0x000000000002d060                __start_nrf_sections = __nrf_sections_start__
 *(.nrf_sections .nrf_sections.*)
                0x000000000002d060                __nrf_sections_end__ = (__nrf_sections_start__ + SIZEOF (.nrf_sections))
                0x0000000000000000                __nrf_sections_size__ = SIZEOF (.nrf_sections)
                0x000000000002d060                __nrf_sections_load_end__ = __nrf_sections_end__
                0x0000000000000001                . = ASSERT (((__nrf_sections_start__ == __nrf_sections_end__) || ((__nrf_sections_end__ >= __FLASH_segment_start__) && (__nrf_sections_end__ <= __FLASH_segment_end__))), error: .nrf_sections is too large to fit in FLASH memory segment)
                0x000000000002d060                __log_dynamic_data_load_start__ = ALIGN (__nrf_sections_end__, 0x4)

.log_dynamic_data
                0x0000000020002c00        0x0 load address 0x000000000002d060
                0x0000000020002c00                __log_dynamic_data_start__ = .
 *(SORT(.log_dynamic_data*))
                0x0000000020002c00                __log_dynamic_data_end__ = (__log_dynamic_data_start__ + SIZEOF (.log_dynamic_data))
                0x0000000000000000                __log_dynamic_data_size__ = SIZEOF (.log_dynamic_data)
                0x000000000002d060                __log_dynamic_data_load_end__ = (__log_dynamic_data_load_start__ + SIZEOF (.log_dynamic_data))
                0x0000000000000001                . = ASSERT (((__log_dynamic_data_load_start__ == __log_dynamic_data_load_end__) || ((__log_dynamic_data_load_end__ >= __FLASH_segment_start__) && (__log_dynamic_data_load_end__ <= __FLASH_segment_end__))), error: .log_dynamic_data is too large to fit in FLASH memory segment)

.log_dynamic_data_run
                0x0000000020002c00        0x0
                0x0000000020002c00                __log_dynamic_data_run_start__ = .
                0x0000000020002c00                __start_log_dynamic_data = __log_dynamic_data_run_start__
                0x0000000020002c00                . = MAX ((__log_dynamic_data_run_start__ + SIZEOF (.log_dynamic_data)), .)
                0x0000000020002c00                __log_dynamic_data_run_end__ = (__log_dynamic_data_run_start__ + SIZEOF (.log_dynamic_data_run))
                0x0000000000000000                __log_dynamic_data_run_size__ = SIZEOF (.log_dynamic_data_run)
                0x0000000020002c00                __stop_log_dynamic_data = __log_dynamic_data_run_end__
                0x0000000020002c00                __log_dynamic_data_run_load_end__ = __log_dynamic_data_run_end__
                0x0000000000000001                . = ASSERT (((__log_dynamic_data_run_start__ == __log_dynamic_data_run_end__) || ((__log_dynamic_data_run_end__ >= __RAM_segment_start__) && (__log_dynamic_data_run_end__ <= __RAM_segment_end__))), error: .log_dynamic_data_run is too large to fit in RAM memory segment)
                0x000000000002d060                __fs_data_load_start__ = ALIGN ((__log_dynamic_data_load_start__ + SIZEOF (.log_dynamic_data)), 0x4)

.fs_data        0x0000000020002c00       0x14 load address 0x000000000002d060
                0x0000000020002c00                __fs_data_start__ = .
 *(.fs_data*)
 .fs_data       0x0000000020002c00       0x14 Output/secure_dfu_serial_s132_pca10040 Release/Obj/nrf_dfu_flash.o
                0x0000000020002c00                m_fs
                0x0000000020002c14                __fs_data_end__ = (__fs_data_start__ + SIZEOF (.fs_data))
                0x0000000000000014                __fs_data_size__ = SIZEOF (.fs_data)
                0x000000000002d074                __fs_data_load_end__ = (__fs_data_load_start__ + SIZEOF (.fs_data))
                0x0000000000000001                . = ASSERT (((__fs_data_load_start__ == __fs_data_load_end__) || ((__fs_data_load_end__ >= __FLASH_segment_start__) && (__fs_data_load_end__ <= __FLASH_segment_end__))), error: .fs_data is too large to fit in FLASH memory segment)

.fs_data_run    0x0000000020002c00       0x14 load address 0x000000000002d060
                0x0000000020002c00                __fs_data_run_start__ = .
                0x0000000020002c00                __start_fs_data = __fs_data_run_start__
                0x0000000020002c14                . = MAX ((__fs_data_run_start__ + SIZEOF (.fs_data)), .)
 *fill*         0x0000000020002c00       0x14 
                0x0000000020002c14                __fs_data_run_end__ = (__fs_data_run_start__ + SIZEOF (.fs_data_run))
                0x0000000000000014                __fs_data_run_size__ = SIZEOF (.fs_data_run)
                0x0000000020002c14                __stop_fs_data = __fs_data_run_end__
                0x0000000020002c14                __fs_data_run_load_end__ = __fs_data_run_end__
                0x0000000000000001                . = ASSERT (((__fs_data_run_start__ == __fs_data_run_end__) || ((__fs_data_run_end__ >= __RAM_segment_start__) && (__fs_data_run_end__ <= __RAM_segment_end__))), error: .fs_data_run is too large to fit in RAM memory segment)
                0x0000000020002c14                __nrf_sections_run_end_load_start__ = ALIGN (__fs_data_run_end__, 0x4)

.nrf_sections_run_end
                0x0000000020002c14        0x0
                0x0000000020002c14                __nrf_sections_run_end_start__ = .
                0x0000000020002c14                __end_nrf_sections_run = __nrf_sections_run_end_start__
 *(.nrf_sections_run_end .nrf_sections_run_end.*)
                0x0000000020002c14                __nrf_sections_run_end_end__ = (__nrf_sections_run_end_start__ + SIZEOF (.nrf_sections_run_end))
                0x0000000000000000                __nrf_sections_run_end_size__ = SIZEOF (.nrf_sections_run_end)
                0x0000000020002c14                __nrf_sections_run_end_load_end__ = __nrf_sections_run_end_end__
                0x0000000000000001                . = ASSERT (((__nrf_sections_run_end_start__ == __nrf_sections_run_end_end__) || ((__nrf_sections_run_end_end__ >= __RAM_segment_start__) && (__nrf_sections_run_end_end__ <= __RAM_segment_end__))), error: .nrf_sections_run_end is too large to fit in RAM memory segment)
                0x000000000002d074                __dtors_load_start__ = ALIGN ((__fs_data_load_start__ + SIZEOF (.fs_data)), 0x4)

.dtors          0x000000000002d074        0x0
                0x000000000002d074                __dtors_start__ = .
 *(SORT(.dtors.*))
 *(.dtors)
 *(.fini_array)
 *(SORT(.fini_array.*))
                0x000000000002d074                __dtors_end__ = (__dtors_start__ + SIZEOF (.dtors))
                0x0000000000000000                __dtors_size__ = SIZEOF (.dtors)
                0x000000000002d074                __dtors_load_end__ = __dtors_end__
                0x0000000000000001                . = ASSERT (((__dtors_start__ == __dtors_end__) || ((__dtors_end__ >= __FLASH_segment_start__) && (__dtors_end__ <= __FLASH_segment_end__))), error: .dtors is too large to fit in FLASH memory segment)
                0x000000000002d074                __ctors_load_start__ = ALIGN (__dtors_end__, 0x4)

.ctors          0x000000000002d074        0x0
                0x000000000002d074                __ctors_start__ = .
 *(SORT(.ctors.*))
 *(.ctors)
 *(.init_array)
 *(SORT(.init_array.*))
                0x000000000002d074                __ctors_end__ = (__ctors_start__ + SIZEOF (.ctors))
                0x0000000000000000                __ctors_size__ = SIZEOF (.ctors)
                0x000000000002d074                __ctors_load_end__ = __ctors_end__
                0x0000000000000001                . = ASSERT (((__ctors_start__ == __ctors_end__) || ((__ctors_end__ >= __FLASH_segment_start__) && (__ctors_end__ <= __FLASH_segment_end__))), error: .ctors is too large to fit in FLASH memory segment)
                0x000000000002d074                __rodata_load_start__ = ALIGN (__ctors_end__, 0x4)

.rodata         0x000000000002d074      0x3cc
                0x000000000002d074                __rodata_start__ = .
 *(.rodata .rodata.* .gnu.linkonce.r.*)
 .rodata.m_board_led_list
                0x000000000002d074        0x4 Output/secure_dfu_serial_s132_pca10040 Release/Obj/boards.o
 .rodata.m_flash_info
                0x000000000002d078        0xc Output/secure_dfu_serial_s132_pca10040 Release/Obj/nrf_fstorage_nvmc.o
 .rodata.nrf_fstorage_nvmc
                0x000000000002d084       0x20 Output/secure_dfu_serial_s132_pca10040 Release/Obj/nrf_fstorage_nvmc.o
                0x000000000002d084                nrf_fstorage_nvmc
 .rodata.k      0x000000000002d0a4      0x100 Output/secure_dfu_serial_s132_pca10040 Release/Obj/sha256.o
 .rodata.dfu_command_fields
                0x000000000002d1a4       0x30 Output/secure_dfu_serial_s132_pca10040 Release/Obj/dfu-cc.pb.o
                0x000000000002d1a4                dfu_command_fields
 .rodata.dfu_hash_fields
                0x000000000002d1d4       0x24 Output/secure_dfu_serial_s132_pca10040 Release/Obj/dfu-cc.pb.o
                0x000000000002d1d4                dfu_hash_fields
 .rodata.dfu_init_command_fields
                0x000000000002d1f8       0x78 Output/secure_dfu_serial_s132_pca10040 Release/Obj/dfu-cc.pb.o
                0x000000000002d1f8                dfu_init_command_fields
 .rodata.dfu_init_command_is_debug_default
                0x000000000002d270        0x1 Output/secure_dfu_serial_s132_pca10040 Release/Obj/dfu-cc.pb.o
                0x000000000002d270                dfu_init_command_is_debug_default
 *fill*         0x000000000002d271        0x3 
 .rodata.dfu_packet_fields
                0x000000000002d274       0x24 Output/secure_dfu_serial_s132_pca10040 Release/Obj/dfu-cc.pb.o
                0x000000000002d274                dfu_packet_fields
 .rodata.dfu_reset_command_fields
                0x000000000002d298       0x18 Output/secure_dfu_serial_s132_pca10040 Release/Obj/dfu-cc.pb.o
                0x000000000002d298                dfu_reset_command_fields
 .rodata.dfu_signed_command_fields
                0x000000000002d2b0       0x30 Output/secure_dfu_serial_s132_pca10040 Release/Obj/dfu-cc.pb.o
                0x000000000002d2b0                dfu_signed_command_fields
 .rodata.pk     0x000000000002d2e0       0x40 Output/secure_dfu_serial_s132_pca10040 Release/Obj/dfu_public_key.o
                0x000000000002d2e0                pk
 .rodata.hash_info_sha256
                0x000000000002d320        0x2 Output/secure_dfu_serial_s132_pca10040 Release/Obj/dfu_req_handling.o
                0x000000000002d320                hash_info_sha256
 *fill*         0x000000000002d322        0x2 
 .rodata.m_reset_timer
                0x000000000002d324        0x4 Output/secure_dfu_serial_s132_pca10040 Release/Obj/dfu_req_handling.o
 .rodata.sig_info_p256
                0x000000000002d328        0x3 Output/secure_dfu_serial_s132_pca10040 Release/Obj/dfu_req_handling.o
                0x000000000002d328                sig_info_p256
 *fill*         0x000000000002d32b        0x1 
 .rodata.nrf_dfu_inactivity_timeout_timer_id
                0x000000000002d32c        0x4 Output/secure_dfu_serial_s132_pca10040 Release/Obj/nrf_dfu.o
                0x000000000002d32c                nrf_dfu_inactivity_timeout_timer_id
 .rodata.nrf_dfu_post_sd_bl_timeout_timer_id
                0x000000000002d330        0x4 Output/secure_dfu_serial_s132_pca10040 Release/Obj/nrf_dfu_utils.o
                0x000000000002d330                nrf_dfu_post_sd_bl_timeout_timer_id
 .rodata.PB_DECODERS
                0x000000000002d334       0x24 Output/secure_dfu_serial_s132_pca10040 Release/Obj/pb_decode.o
 .rodata        0x000000000002d358       0x20 Output/secure_dfu_serial_s132_pca10040 Release/Obj/nrf_serial_dfu.o
 .rodata.sdh_stack_observers
                0x000000000002d378        0xc Output/secure_dfu_serial_s132_pca10040 Release/Obj/nrf_sdh.o
 .rodata.sdh_soc_observers
                0x000000000002d384        0xc Output/secure_dfu_serial_s132_pca10040 Release/Obj/nrf_sdh_soc.o
 .rodata.curve_secp256r1
                0x000000000002d390       0xb0 ../../../../../../external/micro-ecc/nrf52nf_armgcc/armgcc/micro_ecc_lib_nrf52.a(uECC.c.o)
                0x000000000002d440                __rodata_end__ = (__rodata_start__ + SIZEOF (.rodata))
                0x00000000000003cc                __rodata_size__ = SIZEOF (.rodata)
                0x000000000002d440                __rodata_load_end__ = __rodata_end__

.rel.dyn        0x000000000002d440        0x0
 .rel.iplt      0x000000000002d440        0x0 Output/secure_dfu_serial_s132_pca10040 Release/Obj/thumb_crt0.o
                0x0000000000000001                . = ASSERT (((__rodata_start__ == __rodata_end__) || ((__rodata_end__ >= __FLASH_segment_start__) && (__rodata_end__ <= __FLASH_segment_end__))), error: .rodata is too large to fit in FLASH memory segment)
                0x000000000002d440                __ARM.exidx_load_start__ = ALIGN (__rodata_end__, 0x4)

.ARM.exidx      0x000000000002d440        0x0
                0x000000000002d440                __ARM.exidx_start__ = .
                0x000000000002d440                __exidx_start = __ARM.exidx_start__
 *(.ARM.exidx .ARM.exidx.*)
                0x000000000002d440                __ARM.exidx_end__ = (__ARM.exidx_start__ + SIZEOF (.ARM.exidx))
                0x0000000000000000                __ARM.exidx_size__ = SIZEOF (.ARM.exidx)
                0x000000000002d440                __exidx_end = __ARM.exidx_end__
                0x000000000002d440                __ARM.exidx_load_end__ = __ARM.exidx_end__
                0x0000000000000001                . = ASSERT (((__ARM.exidx_start__ == __ARM.exidx_end__) || ((__ARM.exidx_end__ >= __FLASH_segment_start__) && (__ARM.exidx_end__ <= __FLASH_segment_end__))), error: .ARM.exidx is too large to fit in FLASH memory segment)
                0x000000000002d440                __fast_load_start__ = ALIGN (__ARM.exidx_end__, 0x4)

.fast           0x0000000020002c14        0x0 load address 0x000000000002d440
                0x0000000020002c14                __fast_start__ = .
 *(.fast .fast.*)
                0x0000000020002c14                __fast_end__ = (__fast_start__ + SIZEOF (.fast))
                0x0000000000000000                __fast_size__ = SIZEOF (.fast)
                0x000000000002d440                __fast_load_end__ = (__fast_load_start__ + SIZEOF (.fast))
                0x0000000000000001                . = ASSERT (((__fast_load_start__ == __fast_load_end__) || ((__fast_load_end__ >= __FLASH_segment_start__) && (__fast_load_end__ <= __FLASH_segment_end__))), error: .fast is too large to fit in FLASH memory segment)

.fast_run       0x0000000020002c14        0x0
                0x0000000020002c14                __fast_run_start__ = .
                0x0000000020002c14                . = MAX ((__fast_run_start__ + SIZEOF (.fast)), .)
                0x0000000020002c14                __fast_run_end__ = (__fast_run_start__ + SIZEOF (.fast_run))
                0x0000000000000000                __fast_run_size__ = SIZEOF (.fast_run)
                0x0000000020002c14                __fast_run_load_end__ = __fast_run_end__
                0x0000000000000001                . = ASSERT (((__fast_run_start__ == __fast_run_end__) || ((__fast_run_end__ >= __RAM_segment_start__) && (__fast_run_end__ <= __RAM_segment_end__))), error: .fast_run is too large to fit in RAM memory segment)
                0x000000000002d440                __data_load_start__ = ALIGN ((__fast_load_start__ + SIZEOF (.fast)), 0x4)

.data           0x0000000020002c14       0x28 load address 0x000000000002d440
                0x0000000020002c14                __data_start__ = .
 *(.data .data.* .gnu.linkonce.d.*)
 .data.crypto_key_pk
                0x0000000020002c14        0x8 Output/secure_dfu_serial_s132_pca10040 Release/Obj/dfu_req_handling.o
 .data.crypto_sig
                0x0000000020002c1c        0x8 Output/secure_dfu_serial_s132_pca10040 Release/Obj/dfu_req_handling.o
 .data.cur_obj_type.8252
                0x0000000020002c24        0x1 Output/secure_dfu_serial_s132_pca10040 Release/Obj/dfu_req_handling.o
 *fill*         0x0000000020002c25        0x3 
 .data.fw_hash  0x0000000020002c28        0x8 Output/secure_dfu_serial_s132_pca10040 Release/Obj/dfu_req_handling.o
 .data.init_packet_hash
                0x0000000020002c30        0x8 Output/secure_dfu_serial_s132_pca10040 Release/Obj/dfu_req_handling.o
 .data.SystemCoreClock
                0x0000000020002c38        0x4 Output/secure_dfu_serial_s132_pca10040 Release/Obj/system_nrf52810.o
                0x0000000020002c38                SystemCoreClock
                0x0000000020002c3c                __data_end__ = (__data_start__ + SIZEOF (.data))
                0x0000000000000028                __data_size__ = SIZEOF (.data)
                0x000000000002d468                __data_load_end__ = (__data_load_start__ + SIZEOF (.data))

.igot.plt       0x0000000100000000        0x0
 .igot.plt      0x0000000100000000        0x0 Output/secure_dfu_serial_s132_pca10040 Release/Obj/thumb_crt0.o
                0x0000000000000001                . = ASSERT (((__data_load_start__ == __data_load_end__) || ((__data_load_end__ >= __FLASH_segment_start__) && (__data_load_end__ <= __FLASH_segment_end__))), error: .data is too large to fit in FLASH memory segment)

.data_run       0x0000000020002c14       0x28 load address 0x000000000002d440
                0x0000000020002c14                __data_run_start__ = .
                0x0000000020002c3c                . = MAX ((__data_run_start__ + SIZEOF (.data)), .)
 *fill*         0x0000000020002c14       0x28 
                0x0000000020002c3c                __data_run_end__ = (__data_run_start__ + SIZEOF (.data_run))
                0x0000000000000028                __data_run_size__ = SIZEOF (.data_run)
                0x0000000020002c3c                __data_run_load_end__ = __data_run_end__
                0x0000000000000001                . = ASSERT (((__data_run_start__ == __data_run_end__) || ((__data_run_end__ >= __RAM_segment_start__) && (__data_run_end__ <= __RAM_segment_end__))), error: .data_run is too large to fit in RAM memory segment)
                0x000000000002d468                __tdata_load_start__ = ALIGN ((__data_load_start__ + SIZEOF (.data)), 0x4)

.tdata          0x0000000020002c3c        0x0 load address 0x000000000002d468
                0x0000000020002c3c                __tdata_start__ = .
 *(.tdata .tdata.*)
                0x0000000020002c3c                __tdata_end__ = (__tdata_start__ + SIZEOF (.tdata))
                0x0000000000000000                __tdata_size__ = SIZEOF (.tdata)
                0x000000000002d468                __tdata_load_end__ = (__tdata_load_start__ + SIZEOF (.tdata))
                0x000000000002d468                __FLASH_segment_used_end__ = (ALIGN ((__data_load_start__ + SIZEOF (.data)), 0x4) + SIZEOF (.tdata))
                0x000000000002d468                __FLASH_segment_used_size__ = (__FLASH_segment_used_end__ - __FLASH_segment_start__)
                0x0000000000000001                . = ASSERT (((__tdata_load_start__ == __tdata_load_end__) || ((__tdata_load_end__ >= __FLASH_segment_start__) && (__tdata_load_end__ <= __FLASH_segment_end__))), error: .tdata is too large to fit in FLASH memory segment)

.tdata_run      0x0000000020002c3c        0x0
                0x0000000020002c3c                __tdata_run_start__ = .
                0x0000000020002c3c                . = MAX ((__tdata_run_start__ + SIZEOF (.tdata)), .)
                0x0000000020002c3c                __tdata_run_end__ = (__tdata_run_start__ + SIZEOF (.tdata_run))
                0x0000000000000000                __tdata_run_size__ = SIZEOF (.tdata_run)
                0x0000000020002c3c                __tdata_run_load_end__ = __tdata_run_end__
                0x0000000000000001                . = ASSERT (((__tdata_run_start__ == __tdata_run_end__) || ((__tdata_run_end__ >= __RAM_segment_start__) && (__tdata_run_end__ <= __RAM_segment_end__))), error: .tdata_run is too large to fit in RAM memory segment)
                0x0000000020002c3c                __bss_load_start__ = ALIGN (__tdata_run_end__, 0x4)

.bss            0x0000000020002c3c      0xb11
                0x0000000020002c3c                __bss_start__ = .
 *(.bss .bss.* .gnu.linkonce.b.*)
 .bss.m_queue_end_index
                0x0000000020002c3c        0x1 Output/secure_dfu_serial_s132_pca10040 Release/Obj/app_scheduler.o
 *fill*         0x0000000020002c3d        0x3 
 .bss.m_queue_event_data
                0x0000000020002c40        0x4 Output/secure_dfu_serial_s132_pca10040 Release/Obj/app_scheduler.o
 .bss.m_queue_event_headers
                0x0000000020002c44        0x4 Output/secure_dfu_serial_s132_pca10040 Release/Obj/app_scheduler.o
 .bss.m_queue_event_size
                0x0000000020002c48        0x2 Output/secure_dfu_serial_s132_pca10040 Release/Obj/app_scheduler.o
 .bss.m_queue_size
                0x0000000020002c4a        0x2 Output/secure_dfu_serial_s132_pca10040 Release/Obj/app_scheduler.o
 .bss.m_queue_start_index
                0x0000000020002c4c        0x1 Output/secure_dfu_serial_s132_pca10040 Release/Obj/app_scheduler.o
 *fill*         0x0000000020002c4d        0x3 
 .bss.m_op_queue
                0x0000000020002c50      0x10c Output/secure_dfu_serial_s132_pca10040 Release/Obj/app_timer.o
 .bss.m_rtc1_reset
                0x0000000020002d5c        0x1 Output/secure_dfu_serial_s132_pca10040 Release/Obj/app_timer.o
 .bss.m_rtc1_running
                0x0000000020002d5d        0x1 Output/secure_dfu_serial_s132_pca10040 Release/Obj/app_timer.o
 *fill*         0x0000000020002d5e        0x2 
 .bss.m_ticks_elapsed
                0x0000000020002d60        0x8 Output/secure_dfu_serial_s132_pca10040 Release/Obj/app_timer.o
 .bss.m_ticks_elapsed_q_read_ind
                0x0000000020002d68        0x1 Output/secure_dfu_serial_s132_pca10040 Release/Obj/app_timer.o
 .bss.m_ticks_elapsed_q_write_ind
                0x0000000020002d69        0x1 Output/secure_dfu_serial_s132_pca10040 Release/Obj/app_timer.o
 *fill*         0x0000000020002d6a        0x2 
 .bss.m_ticks_latest
                0x0000000020002d6c        0x4 Output/secure_dfu_serial_s132_pca10040 Release/Obj/app_timer.o
 .bss.mp_timer_id_head
                0x0000000020002d70        0x4 Output/secure_dfu_serial_s132_pca10040 Release/Obj/app_timer.o
 .bss.nrf_nvic_state
                0x0000000020002d74        0xc Output/secure_dfu_serial_s132_pca10040 Release/Obj/app_util_platform.o
                0x0000000020002d74                nrf_nvic_state
 .bss.m_flash_operation_ongoing
                0x0000000020002d80        0x4 Output/secure_dfu_serial_s132_pca10040 Release/Obj/nrf_fstorage_nvmc.o
 .bss.m_clock_cb
                0x0000000020002d84       0x14 Output/secure_dfu_serial_s132_pca10040 Release/Obj/nrf_drv_clock.o
 .bss.m_cb      0x0000000020002d98       0x58 Output/secure_dfu_serial_s132_pca10040 Release/Obj/nrf_drv_gpiote.o
 .bss.m_cb      0x0000000020002df0       0x1c Output/secure_dfu_serial_s132_pca10040 Release/Obj/nrf_drv_uart.o
 .bss.crypto_sig_buffer
                0x0000000020002e0c       0x40 Output/secure_dfu_serial_s132_pca10040 Release/Obj/dfu_req_handling.o
 .bss.fw_hash_buffer
                0x0000000020002e4c       0x20 Output/secure_dfu_serial_s132_pca10040 Release/Obj/dfu_req_handling.o
 .bss.init_packet_data
                0x0000000020002e6c        0x8 Output/secure_dfu_serial_s132_pca10040 Release/Obj/dfu_req_handling.o
 .bss.init_packet_hash_buffer
                0x0000000020002e74       0x20 Output/secure_dfu_serial_s132_pca10040 Release/Obj/dfu_req_handling.o
 .bss.m_current_data_buffer
                0x0000000020002e94        0x1 Output/secure_dfu_serial_s132_pca10040 Release/Obj/dfu_req_handling.o
 *fill*         0x0000000020002e95        0x3 
 .bss.m_data_buf
                0x0000000020002e98      0x200 Output/secure_dfu_serial_s132_pca10040 Release/Obj/dfu_req_handling.o
 .bss.m_data_buf_pos
                0x0000000020003098        0x2 Output/secure_dfu_serial_s132_pca10040 Release/Obj/dfu_req_handling.o
 .bss.m_dfu_last_settings_write_started
                0x000000002000309a        0x1 Output/secure_dfu_serial_s132_pca10040 Release/Obj/dfu_req_handling.o
 *fill*         0x000000002000309b        0x1 
 .bss.m_firmware_size_req
                0x000000002000309c        0x4 Output/secure_dfu_serial_s132_pca10040 Release/Obj/dfu_req_handling.o
 .bss.m_firmware_start_addr
                0x00000000200030a0        0x4 Output/secure_dfu_serial_s132_pca10040 Release/Obj/dfu_req_handling.o
 .bss.m_is_dfu_complete_response_sent
                0x00000000200030a4        0x1 Output/secure_dfu_serial_s132_pca10040 Release/Obj/dfu_req_handling.o
 *fill*         0x00000000200030a5        0x3 
 .bss.m_reset_timer_data
                0x00000000200030a8       0x20 Output/secure_dfu_serial_s132_pca10040 Release/Obj/dfu_req_handling.o
 .bss.m_valid_init_packet_present
                0x00000000200030c8        0x1 Output/secure_dfu_serial_s132_pca10040 Release/Obj/dfu_req_handling.o
 *fill*         0x00000000200030c9        0x3 
 .bss.packet    0x00000000200030cc      0x18c Output/secure_dfu_serial_s132_pca10040 Release/Obj/dfu_req_handling.o
 .bss.stream    0x0000000020003258       0x10 Output/secure_dfu_serial_s132_pca10040 Release/Obj/dfu_req_handling.o
 .bss.timer_started.8117
                0x0000000020003268        0x1 Output/secure_dfu_serial_s132_pca10040 Release/Obj/dfu_req_handling.o
 *fill*         0x0000000020003269        0x3 
 .bss.APP_SCHED_BUF.8502
                0x000000002000326c      0x110 Output/secure_dfu_serial_s132_pca10040 Release/Obj/nrf_dfu.o
 .bss.nrf_dfu_inactivity_timeout_timer
                0x000000002000337c       0x20 Output/secure_dfu_serial_s132_pca10040 Release/Obj/nrf_dfu.o
 .bss.m_flash_operations_pending
                0x000000002000339c        0x4 Output/secure_dfu_serial_s132_pca10040 Release/Obj/nrf_dfu_flash.o
 .bss.m_last_error
                0x00000000200033a0        0x1 Output/secure_dfu_serial_s132_pca10040 Release/Obj/nrf_dfu_handling_error.o
 *fill*         0x00000000200033a1        0x3 
 .bss.s_dfu_settings
                0x00000000200033a4      0x164 Output/secure_dfu_serial_s132_pca10040 Release/Obj/nrf_dfu_settings.o
                0x00000000200033a4                s_dfu_settings
 .bss.temp_dfu_settings.7264
                0x0000000020003508      0x164 Output/secure_dfu_serial_s132_pca10040 Release/Obj/nrf_dfu_settings.o
 .bss.nrf_dfu_post_sd_bl_timeout_timer
                0x000000002000366c       0x20 Output/secure_dfu_serial_s132_pca10040 Release/Obj/nrf_dfu_utils.o
 .bss.encoded_response.8083
                0x000000002000368c       0x1d Output/secure_dfu_serial_s132_pca10040 Release/Obj/nrf_serial_dfu.o
 *fill*         0x00000000200036a9        0x3 
 .bss.m_dfu     0x00000000200036ac       0xa0 Output/secure_dfu_serial_s132_pca10040 Release/Obj/nrf_serial_dfu.o
 .bss.m_nrf_sdh_enabled
                0x000000002000374c        0x1 Output/secure_dfu_serial_s132_pca10040 Release/Obj/nrf_sdh.o
 *(COMMON)
                0x000000002000374d                __bss_end__ = (__bss_start__ + SIZEOF (.bss))
                0x0000000000000b11                __bss_size__ = SIZEOF (.bss)
                0x000000002000374d                __bss_load_end__ = __bss_end__
                0x0000000000000001                . = ASSERT (((__bss_start__ == __bss_end__) || ((__bss_end__ >= __RAM_segment_start__) && (__bss_end__ <= __RAM_segment_end__))), error: .bss is too large to fit in RAM memory segment)
                0x0000000020003750                __tbss_load_start__ = ALIGN (__bss_end__, 0x4)

.tbss           0x0000000020003750        0x0
                0x0000000020003750                __tbss_start__ = .
 *(.tbss .tbss.*)
                0x0000000020003750                __tbss_end__ = (__tbss_start__ + SIZEOF (.tbss))